Component: ARM Compiler 5.06 update 7 (build 960) Tool: armlink [4d3601]

==============================================================================

Section Cross References

    startup_stm32f10x_hd.o(RESET) refers to startup_stm32f10x_hd.o(STACK) for __initial_sp
    startup_stm32f10x_hd.o(RESET) refers to startup_stm32f10x_hd.o(.text) for Reset_Handler
    startup_stm32f10x_hd.o(RESET) refers to stm32f10x_it.o(i.NMI_Handler) for NMI_Handler
    startup_stm32f10x_hd.o(RESET) refers to stm32f10x_it.o(i.HardFault_Handler) for HardFault_Handler
    startup_stm32f10x_hd.o(RESET) refers to stm32f10x_it.o(i.MemManage_Handler) for MemManage_Handler
    startup_stm32f10x_hd.o(RESET) refers to stm32f10x_it.o(i.BusFault_Handler) for BusFault_Handler
    startup_stm32f10x_hd.o(RESET) refers to stm32f10x_it.o(i.UsageFault_Handler) for UsageFault_Handler
    startup_stm32f10x_hd.o(RESET) refers to stm32f10x_it.o(i.SVC_Handler) for SVC_Handler
    startup_stm32f10x_hd.o(RESET) refers to stm32f10x_it.o(i.DebugMon_Handler) for DebugMon_Handler
    startup_stm32f10x_hd.o(RESET) refers to stm32f10x_it.o(i.PendSV_Handler) for PendSV_Handler
    startup_stm32f10x_hd.o(RESET) refers to stm32f10x_it.o(i.SysTick_Handler) for SysTick_Handler
    startup_stm32f10x_hd.o(RESET) refers to stm32f10x_it.o(i.EXTI0_IRQHandler) for EXTI0_IRQHandler
    startup_stm32f10x_hd.o(RESET) refers to stm32f10x_it.o(i.EXTI1_IRQHandler) for EXTI1_IRQHandler
    startup_stm32f10x_hd.o(RESET) refers to stm32f10x_it.o(i.EXTI2_IRQHandler) for EXTI2_IRQHandler
    startup_stm32f10x_hd.o(RESET) refers to stm32f10x_it.o(i.EXTI3_IRQHandler) for EXTI3_IRQHandler
    startup_stm32f10x_hd.o(RESET) refers to stm32f10x_it.o(i.EXTI4_IRQHandler) for EXTI4_IRQHandler
    startup_stm32f10x_hd.o(RESET) refers to reg_rw.o(i.EXTI9_5_IRQHandler) for EXTI9_5_IRQHandler
    startup_stm32f10x_hd.o(RESET) refers to driver_x.o(i.TIM2_IRQHandler) for TIM2_IRQHandler
    startup_stm32f10x_hd.o(RESET) refers to driver_z.o(i.TIM3_IRQHandler) for TIM3_IRQHandler
    startup_stm32f10x_hd.o(RESET) refers to driver_y.o(i.TIM4_IRQHandler) for TIM4_IRQHandler
    startup_stm32f10x_hd.o(RESET) refers to usart.o(i.USART1_IRQHandler) for USART1_IRQHandler
    startup_stm32f10x_hd.o(RESET) refers to usart3.o(i.USART3_IRQHandler) for USART3_IRQHandler
    startup_stm32f10x_hd.o(RESET) refers to stm32f10x_it.o(i.EXTI15_10_IRQHandler) for EXTI15_10_IRQHandler
    startup_stm32f10x_hd.o(.text) refers to system_stm32f10x.o(i.SystemInit) for SystemInit
    startup_stm32f10x_hd.o(.text) refers to entry.o(.ARM.Collect$$$$00000000) for __main
    main.o(i.main) refers to misc.o(i.NVIC_PriorityGroupConfig) for NVIC_PriorityGroupConfig
    main.o(i.main) refers to delay.o(i.delay_init) for delay_init
    main.o(i.main) refers to usart.o(i.uart_init) for uart_init
    main.o(i.main) refers to driver_x.o(i.TB_X_Init) for TB_X_Init
    main.o(i.main) refers to driver_y.o(i.TB_Y_Init) for TB_Y_Init
    main.o(i.main) refers to driver_z.o(i.TB_Z_Init) for TB_Z_Init
    main.o(i.main) refers to limit_switch.o(i.Switch_Config) for Switch_Config
    main.o(i.main) refers to key.o(i.EXTI_Key_Config) for EXTI_Key_Config
    main.o(i.main) refers to reg_rw.o(i.LD3320_Init) for LD3320_Init
    main.o(i.main) refers to reg_rw.o(i.EXTIX_Init) for EXTIX_Init
    main.o(i.main) refers to ldchip.o(i.LD_Reset) for LD_Reset
    main.o(i.main) refers to usart3.o(i.USART3_Init) for USART3_Init
    main.o(i.main) refers to mechanical_arm.o(i.mechanical_arm_Init) for mechanical_arm_Init
    main.o(i.main) refers to bsp_spi_nrf.o(i.SPI_NRF_Init) for SPI_NRF_Init
    main.o(i.main) refers to bsp_spi_nrf.o(i.NRF_Check) for NRF_Check
    main.o(i.main) refers to printf1.o(i.__0printf$1) for __2printf
    main.o(i.main) refers to bsp_spi_nrf.o(i.NRF_RX_Mode) for NRF_RX_Mode
    main.o(i.main) refers to stm32f10x_tim.o(i.TIM_SetCompare1) for TIM_SetCompare1
    main.o(i.main) refers to stm32f10x_tim.o(i.TIM_SetCompare3) for TIM_SetCompare3
    main.o(i.main) refers to driver_x.o(i.TB_X_ENA) for TB_X_ENA
    main.o(i.main) refers to driver_x.o(i.TB_X_Move) for TB_X_Move
    main.o(i.main) refers to driver_y.o(i.TB_Y_ENA) for TB_Y_ENA
    main.o(i.main) refers to driver_y.o(i.TB_Y_Move) for TB_Y_Move
    main.o(i.main) refers to driver_z.o(i.TB_Z_ENA) for TB_Z_ENA
    main.o(i.main) refers to driver_z.o(i.TB_Z_Move) for TB_Z_Move
    main.o(i.main) refers to delay.o(i.delay_ms) for delay_ms
    main.o(i.main) refers to control.o(i.remote_control) for remote_control
    main.o(i.main) refers to control.o(i.speech_control) for speech_control
    main.o(i.main) refers to control.o(i.proxy_software) for proxy_software
    main.o(i.main) refers to control.o(i.preceding_page) for preceding_page
    main.o(i.main) refers to control.o(i.After_the_pagee) for After_the_pagee
    main.o(i.main) refers to main.o(.data) for status
    main.o(i.main) refers to driver_z.o(.data) for stepPosition_Z
[...]
    Removing cdrcmple.o(.text), (48 bytes).

445 unused section(s) (total 18190 bytes) removed from the image.

==============================================================================

Image Symbol Table

    Local Symbols

    Symbol Name                              Value     Ov Type        Size  Object(Section)

    ../clib/microlib/division.c              0x00000000   Number         0  uldiv.o ABSOLUTE
    ../clib/microlib/division.c              0x00000000   Number         0  uidiv.o ABSOLUTE
    ../clib/microlib/errno.c                 0x00000000   Number         0  errno.o ABSOLUTE
    ../clib/microlib/init/entry.s            0x00000000   Number         0  entry2.o ABSOLUTE
    ../clib/microlib/init/entry.s            0x00000000   Number         0  entry7b.o ABSOLUTE
    ../clib/microlib/init/entry.s            0x00000000   Number         0  entry7a.o ABSOLUTE
    ../clib/microlib/init/entry.s            0x00000000   Number         0  entry12a.o ABSOLUTE
    ../clib/microlib/init/entry.s            0x00000000   Number         0  entry8b.o ABSOLUTE
    ../clib/microlib/init/entry.s            0x00000000   Number         0  entry8a.o ABSOLUTE
    ../clib/microlib/init/entry.s            0x00000000   Number         0  entry5.o ABSOLUTE
    ../clib/microlib/init/entry.s            0x00000000   Number         0  entry.o ABSOLUTE
    ../clib/microlib/init/entry.s            0x00000000   Number         0  entry12b.o ABSOLUTE
    ../clib/microlib/init/entry.s            0x00000000   Number         0  entry11b.o ABSOLUTE
    ../clib/microlib/init/entry.s            0x00000000   Number         0  entry11a.o ABSOLUTE
    ../clib/microlib/init/entry.s            0x00000000   Number         0  entry10b.o ABSOLUTE
    ../clib/microlib/init/entry.s            0x00000000   Number         0  entry10a.o ABSOLUTE
    ../clib/microlib/init/entry.s            0x00000000   Number         0  entry9b.o ABSOLUTE
    ../clib/microlib/init/entry.s            0x00000000   Number         0  entry9a.o ABSOLUTE
    ../clib/microlib/longlong.c              0x00000000   Number         0  llshl.o ABSOLUTE
    ../clib/microlib/longlong.c              0x00000000   Number         0  llushr.o ABSOLUTE
    ../clib/microlib/longlong.c              0x00000000   Number         0  llsshr.o ABSOLUTE
    ../clib/microlib/printf/printf.c         0x00000000   Number         0  printfb.o ABSOLUTE
    ../clib/microlib/printf/printf.c         0x00000000   Number         0  printf3.o ABSOLUTE
    ../clib/microlib/printf/printf.c         0x00000000   Number         0  printfa.o ABSOLUTE
    ../clib/microlib/printf/printf.c         0x00000000   Number         0  printf8.o ABSOLUTE
    ../clib/microlib/printf/printf.c         0x00000000   Number         0  printf7.o ABSOLUTE
    ../clib/microlib/printf/printf.c         0x00000000   Number         0  printf4.o ABSOLUTE
    ../clib/microlib/printf/printf.c         0x00000000   Number         0  printf6.o ABSOLUTE
    ../clib/microlib/printf/printf.c         0x00000000   Number         0  printf5.o ABSOLUTE
    ../clib/microlib/printf/printf.c         0x00000000   Number         0  printf2.o ABSOLUTE
    ../clib/microlib/printf/printf.c         0x00000000   Number         0  printf1.o ABSOLUTE
    ../clib/microlib/printf/printf.c         0x00000000   Number         0  printf0.o ABSOLUTE
    ../clib/microlib/printf/stubs.s          0x00000000   Number         0  stubs.o ABSOLUTE
    ../clib/microlib/string/memcpy.c         0x00000000   Number         0  memcpya.o ABSOLUTE
    ../clib/microlib/string/memcpy.c         0x00000000   Number         0  memcpyb.o ABSOLUTE
    ../clib/microlib/string/strlen.c         0x00000000   Number         0  strlen.o ABSOLUTE
    ../clib/microlib/stubs.s                 0x00000000   Number         0  useno.o ABSOLUTE
    ../clib/microlib/stubs.s                 0x00000000   Number         0  iusefp.o ABSOLUTE
    ../fplib/microlib/fpadd.c                0x00000000   Number         0  dadd.o ABSOLUTE
    ../fplib/microlib/fpdiv.c                0x00000000   Number         0  ddiv.o ABSOLUTE
    ../fplib/microlib/fpepilogue.c           0x00000000   Number         0  depilogue.o ABSOLUTE
    ../fplib/microlib/fpfix.c                0x00000000   Number         0  dfixul.o ABSOLUTE
    ../fplib/microlib/fpfix.c                0x00000000   Number         0  dfixui.o ABSOLUTE
    ../fplib/microlib/fpflt.c                0x00000000   Number         0  dfltui.o ABSOLUTE
    ../fplib/microlib/fpmul.c                0x00000000   Number         0  dmul.o ABSOLUTE
    ../fplib/microlib/fpsqrt.c               0x00000000   Number         0  dsqrt.o ABSOLUTE
    ../mathlib/sqrt.c                        0x00000000   Number         0  sqrt_x.o ABSOLUTE
    ../mathlib/sqrt.c                        0x00000000   Number         0  sqrt.o ABSOLUTE
    ..\HARDWARE\KEY\key.c                    0x00000000   Number         0  key.o ABSOLUTE
    ..\HARDWARE\LD3320\LDChip.c              0x00000000   Number         0  ldchip.o ABSOLUTE
    ..\HARDWARE\LD3320\Reg_RW.c              0x00000000   Number         0  reg_rw.o ABSOLUTE
    ..\HARDWARE\Limit_switch\Limit_switch.c  0x00000000   Number         0  limit_switch.o ABSOLUTE
    ..\HARDWARE\SYN6288\syn6288.c            0x00000000   Number         0  syn6288.o ABSOLUTE
    ..\HARDWARE\TB6600\Driver_X.c            0x00000000   Number         0  driver_x.o ABSOLUTE
    ..\HARDWARE\TB6600\Driver_Y.c            0x00000000   Number         0  driver_y.o ABSOLUTE
    ..\HARDWARE\TB6600\Driver_Z.c            0x00000000   Number         0  driver_z.o ABSOLUTE
    ..\HARDWARE\control\control.c            0x00000000   Number         0  control.o ABSOLUTE
    ..\HARDWARE\mechanical_arm\mechanical_arm.c 0x00000000   Number         0  mechanical_arm.o ABSOLUTE
    ..\HARDWARE\nrf\bsp_spi_nrf.c            0x00000000   Number         0  bsp_spi_nrf.o ABSOLUTE
    ..\HARDWARE\usart3\usart3.c              0x00000000   Number         0  usart3.o ABSOLUTE
    ..\Libraries\CMSIS\core_cm3.c            0x00000000   Number         0  core_cm3.o ABSOLUTE
    ..\Libraries\CMSIS\startup\startup_stm32f10x_hd.s 0x00000000   Number         0  startup_stm32f10x_hd.o ABSOLUTE
    ..\Libraries\CMSIS\system_stm32f10x.c    0x00000000   Number         0  system_stm32f10x.o ABSOLUTE
    ..\Libraries\STM32F10x_StdPeriph_Driver\src\misc.c 0x00000000   Number         0  misc.o ABSOLUTE
    ..\Libraries\STM32F10x_StdPeriph_Driver\src\stm32f10x_adc.c 0x00000000   Number         0  stm32f10x_adc.o ABSOLUTE
    ..\Libraries\STM32F10x_StdPeriph_Driver\src\stm32f10x_bkp.c 0x00000000   Number         0  stm32f10x_bkp.o ABSOLUTE
    ..\Libraries\STM32F10x_StdPeriph_Driver\src\stm32f10x_can.c 0x00000000   Number         0  stm32f10x_can.o ABSOLUTE
    ..\Libraries\STM32F10x_StdPeriph_Driver\src\stm32f10x_cec.c 0x00000000   Number         0  stm32f10x_cec.o ABSOLUTE
    ..\Libraries\STM32F10x_StdPeriph_Driver\src\stm32f10x_crc.c 0x00000000   Number         0  stm32f10x_crc.o ABSOLUTE
    ..\Libraries\STM32F10x_StdPeriph_Driver\src\stm32f10x_dac.c 0x00000000   Number         0  stm32f10x_dac.o ABSOLUTE
    ..\Libraries\STM32F10x_StdPeriph_Driver\src\stm32f10x_dbgmcu.c 0x00000000   Number         0  stm32f10x_dbgmcu.o ABSOLUTE
    ..\Libraries\STM32F10x_StdPeriph_Driver\src\stm32f10x_dma.c 0x00000000   Number         0  stm32f10x_dma.o ABSOLUTE
    ..\Libraries\STM32F10x_StdPeriph_Driver\src\stm32f10x_exti.c 0x00000000   Number         0  stm32f10x_exti.o ABSOLUTE
    ..\Libraries\STM32F10x_StdPeriph_Driver\src\stm32f10x_flash.c 0x00000000   Number         0  stm32f10x_flash.o ABSOLUTE
    ..\Libraries\STM32F10x_StdPeriph_Driver\src\stm32f10x_fsmc.c 0x00000000   Number         0  stm32f10x_fsmc.o ABSOLUTE
    ..\Libraries\STM32F10x_StdPeriph_Driver\src\stm32f10x_gpio.c 0x00000000   Number         0  stm32f10x_gpio.o ABSOLUTE
    ..\Libraries\STM32F10x_StdPeriph_Driver\src\stm32f10x_i2c.c 0x00000000   Number         0  stm32f10x_i2c.o ABSOLUTE
    ..\Libraries\STM32F10x_StdPeriph_Driver\src\stm32f10x_iwdg.c 0x00000000   Number         0  stm32f10x_iwdg.o ABSOLUTE
    ..\Libraries\STM32F10x_StdPeriph_Driver\src\stm32f10x_pwr.c 0x00000000   Number         0  stm32f10x_pwr.o ABSOLUTE
    ..\Libraries\STM32F10x_StdPeriph_Driver\src\stm32f10x_rcc.c 0x00000000   Number         0  stm32f10x_rcc.o ABSOLUTE
    ..\Libraries\STM32F10x_StdPeriph_Driver\src\stm32f10x_rtc.c 0x00000000   Number         0  stm32f10x_rtc.o ABSOLUTE
    ..\Libraries\STM32F10x_StdPeriph_Driver\src\stm32f10x_sdio.c 0x00000000   Number         0  stm32f10x_sdio.o ABSOLUTE
    ..\Libraries\STM32F10x_StdPeriph_Driver\src\stm32f10x_spi.c 0x00000000   Number         0  stm32f10x_spi.o ABSOLUTE
    ..\Libraries\STM32F10x_StdPeriph_Driver\src\stm32f10x_tim.c 0x00000000   Number         0  stm32f10x_tim.o ABSOLUTE
    ..\Libraries\STM32F10x_StdPeriph_Driver\src\stm32f10x_usart.c 0x00000000   Number         0  stm32f10x_usart.o ABSOLUTE
    ..\Libraries\STM32F10x_StdPeriph_Driver\src\stm32f10x_wwdg.c 0x00000000   Number         0  stm32f10x_wwdg.o ABSOLUTE
    ..\SYSTEM\delay\delay.c                  0x00000000   Number         0  delay.o ABSOLUTE
    ..\SYSTEM\sys\sys.c                      0x00000000   Number         0  sys.o ABSOLUTE
    ..\SYSTEM\usart\usart.c                  0x00000000   Number         0  usart.o ABSOLUTE
    ..\User\main.c                           0x00000000   Number         0  main.o ABSOLUTE
    ..\User\stm32f10x_it.c                   0x00000000   Number         0  stm32f10x_it.o ABSOLUTE
    ..\\Libraries\\CMSIS\\core_cm3.c         0x00000000   Number         0  core_cm3.o ABSOLUTE
    ..\\SYSTEM\\sys\\sys.c                   0x00000000   Number         0  sys.o ABSOLUTE
    cdcmple.s                                0x00000000   Number         0  cdcmple.o ABSOLUTE
    cdrcmple.s                               0x00000000   Number         0  cdrcmple.o ABSOLUTE
    dc.s                                     0x00000000   Number         0  dc.o ABSOLUTE
    handlers.s                               0x00000000   Number         0  handlers.o ABSOLUTE
    init.s                                   0x00000000   Number         0  init.o ABSOLUTE
    RESET                                    0x08000000   Section      304  startup_stm32f10x_hd.o(RESET)
    .ARM.Collect$$$$00000000                 0x08000130   Section        0  entry.o(.ARM.Collect$$$$00000000)
    .ARM.Collect$$$$00000001                 0x08000130   Section        4  entry2.o(.ARM.Collect$$$$00000001)
    .ARM.Collect$$$$00000004                 0x08000134   Section        4  entry5.o(.ARM.Collect$$$$00000004)
    .ARM.Collect$$$$00000008                 0x08000138   Section        0  entry7b.o(.ARM.Collect$$$$00000008)
    .ARM.Collect$$$$0000000A                 0x08000138   Section        0  entry8b.o(.ARM.Collect$$$$0000000A)
    .ARM.Collect$$$$0000000B                 0x08000138   Section        8  entry9a.o(.ARM.Collect$$$$0000000B)
    .ARM.Collect$$$$0000000E                 0x08000140   Section        4  entry12b.o(.ARM.Collect$$$$0000000E)
    .ARM.Collect$$$$0000000F                 0x08000144   Section        0  entry10a.o(.ARM.Collect$$$$0000000F)
    .ARM.Collect$$$$00000011                 0x08000144   Section        0  entry11a.o(.ARM.Collect$$$$00000011)
    .ARM.Collect$$$$00002712                 0x08000144   Section        4  entry2.o(.ARM.Collect$$$$00002712)
    __lit__00000000                          0x08000144   Data           4  entry2.o(.ARM.Collect$$$$00002712)
    .text                                    0x08000148   Section       36  startup_stm32f10x_hd.o(.text)
    .text                                    0x0800016c   Section        0  memcpya.o(.text)
    .text                                    0x08000190   Section        0  strlen.o(.text)
    .text                                    0x0800019e   Section        0  dmul.o(.text)
    .text                                    0x08000282   Section        0  ddiv.o(.text)
    .text                                    0x08000360   Section        0  dfltui.o(.text)
    .text                                    0x0800037a   Section        0  dfixui.o(.text)
    .text                                    0x080003ac   Section        0  uidiv.o(.text)
    .text                                    0x080003d8   Section        0  llushr.o(.text)
    .text                                    0x080003f8   Section        0  iusefp.o(.text)
    .text                                    0x080003f8   Section        0  depilogue.o(.text)
    .text                                    0x080004b2   Section        0  dsqrt.o(.text)
    .text                                    0x08000554   Section       36  init.o(.text)
    .text                                    0x08000578   Section        0  llshl.o(.text)
    i.After_the_pagee                        0x08000598   Section        0  control.o(i.After_the_pagee)
    i.BusFault_Handler                       0x080006e4   Section        0  stm32f10x_it.o(i.BusFault_Handler)
    i.DebugMon_Handler                       0x080006e8   Section        0  stm32f10x_it.o(i.DebugMon_Handler)
    i.EXTI0_IRQHandler                       0x080006ec   Section        0  stm32f10x_it.o(i.EXTI0_IRQHandler)
    i.EXTI15_10_IRQHandler                   0x08000760   Section        0  stm32f10x_it.o(i.EXTI15_10_IRQHandler)
    i.EXTI1_IRQHandler                       0x080007d8   Section        0  stm32f10x_it.o(i.EXTI1_IRQHandler)
    i.EXTI2_IRQHandler                       0x08000848   Section        0  stm32f10x_it.o(i.EXTI2_IRQHandler)
    i.EXTI3_IRQHandler                       0x08000990   Section        0  stm32f10x_it.o(i.EXTI3_IRQHandler)
    i.EXTI4_IRQHandler                       0x080009a4   Section        0  stm32f10x_it.o(i.EXTI4_IRQHandler)
    i.EXTI9_5_IRQHandler                     0x08000a18   Section        0  reg_rw.o(i.EXTI9_5_IRQHandler)
    i.EXTIX_Init                             0x08000a3a   Section        0  reg_rw.o(i.EXTIX_Init)
    i.EXTI_ClearFlag                         0x08000a88   Section        0  stm32f10x_exti.o(i.EXTI_ClearFlag)
    i.EXTI_ClearITPendingBit                 0x08000a94   Section        0  stm32f10x_exti.o(i.EXTI_ClearITPendingBit)
    i.EXTI_GetITStatus                       0x08000aa0   Section        0  stm32f10x_exti.o(i.EXTI_GetITStatus)
    i.EXTI_Init                              0x08000ac8   Section        0  stm32f10x_exti.o(i.EXTI_Init)
    i.EXTI_Key_Config                        0x08000b5c   Section        0  key.o(i.EXTI_Key_Config)
    i.GPIO_EXTILineConfig                    0x08000c1c   Section        0  stm32f10x_gpio.o(i.GPIO_EXTILineConfig)
    i.GPIO_Init                              0x08000c5c   Section        0  stm32f10x_gpio.o(i.GPIO_Init)
    i.GPIO_PinRemapConfig                    0x08000d74   Section        0  stm32f10x_gpio.o(i.GPIO_PinRemapConfig)
    i.GPIO_ReadInputDataBit                  0x08000e04   Section        0  stm32f10x_gpio.o(i.GPIO_ReadInputDataBit)
    i.GPIO_ResetBits                         0x08000e16   Section        0  stm32f10x_gpio.o(i.GPIO_ResetBits)
    i.GPIO_SetBits                           0x08000e1a   Section        0  stm32f10x_gpio.o(i.GPIO_SetBits)
    i.HardFault_Handler                      0x08000e1e   Section        0  stm32f10x_it.o(i.HardFault_Handler)
    i.KEY_NVIC_Configuration                 0x08000e22   Section        0  key.o(i.KEY_NVIC_Configuration)
    KEY_NVIC_Configuration                   0x08000e23   Thumb Code    54  key.o(i.KEY_NVIC_Configuration)
    i.LD3320_Init                            0x08000e58   Section        0  reg_rw.o(i.LD3320_Init)
    i.LD_AsrAddFixed                         0x08000ee4   Section        0  ldchip.o(i.LD_AsrAddFixed)
    i.LD_AsrRun                              0x08000fa8   Section        0  ldchip.o(i.LD_AsrRun)
    i.LD_AsrStart                            0x08001028   Section        0  ldchip.o(i.LD_AsrStart)
    i.LD_Check_ASRBusyFlag_b2                0x08001030   Section        0  ldchip.o(i.LD_Check_ASRBusyFlag_b2)
    i.LD_GetResult                           0x0800105c   Section        0  ldchip.o(i.LD_GetResult)
    i.LD_Init_ASR                            0x08001068   Section        0  ldchip.o(i.LD_Init_ASR)
    i.LD_Init_Common                         0x080010d8   Section        0  ldchip.o(i.LD_Init_Common)
    i.LD_ReadReg                             0x080011a4   Section        0  reg_rw.o(i.LD_ReadReg)
    i.LD_Reset                               0x080012a8   Section        0  ldchip.o(i.LD_Reset)
    i.LD_WriteReg                            0x080012f8   Section        0  reg_rw.o(i.LD_WriteReg)
    i.MemManage_Handler                      0x080013f4   Section        0  stm32f10x_it.o(i.MemManage_Handler)
    i.NMI_Handler                            0x080013f8   Section        0  stm32f10x_it.o(i.NMI_Handler)
    i.NRF_Check                              0x080013fc   Section        0  bsp_spi_nrf.o(i.NRF_Check)
    i.NRF_RX_Mode                            0x08001448   Section        0  bsp_spi_nrf.o(i.NRF_RX_Mode)
    i.NRF_Rx_Dat                             0x080014a4   Section        0  bsp_spi_nrf.o(i.NRF_Rx_Dat)
    i.NVIC_Init                              0x08001508   Section        0  misc.o(i.NVIC_Init)
    i.NVIC_PriorityGroupConfig               0x08001578   Section        0  misc.o(i.NVIC_PriorityGroupConfig)
    i.PendSV_Handler                         0x0800158c   Section        0  stm32f10x_it.o(i.PendSV_Handler)
    i.ProcessInt                             0x08001590   Section        0  ldchip.o(i.ProcessInt)
    i.RCC_APB1PeriphClockCmd                 0x08001644   Section        0  stm32f10x_rcc.o(i.RCC_APB1PeriphClockCmd)
    i.RCC_APB2PeriphClockCmd                 0x08001664   Section        0  stm32f10x_rcc.o(i.RCC_APB2PeriphClockCmd)
    i.RCC_GetClocksFreq                      0x08001684   Section        0  stm32f10x_rcc.o(i.RCC_GetClocksFreq)
    i.RunASR                                 0x08001758   Section        0  ldchip.o(i.RunASR)
    i.SPI_Cmd                                0x080017a8   Section        0  stm32f10x_spi.o(i.SPI_Cmd)
    i.SPI_I2S_GetFlagStatus                  0x080017c0   Section        0  stm32f10x_spi.o(i.SPI_I2S_GetFlagStatus)
    i.SPI_I2S_ReceiveData                    0x080017d2   Section        0  stm32f10x_spi.o(i.SPI_I2S_ReceiveData)
    i.SPI_I2S_SendData                       0x080017d8   Section        0  stm32f10x_spi.o(i.SPI_I2S_SendData)
    i.SPI_Init                               0x080017dc   Section        0  stm32f10x_spi.o(i.SPI_Init)
    i.SPI_NRF_Init                           0x08001818   Section        0  bsp_spi_nrf.o(i.SPI_NRF_Init)
    i.SPI_NRF_RW                             0x0800190c   Section        0  bsp_spi_nrf.o(i.SPI_NRF_RW)
    i.SPI_NRF_ReadBuf                        0x08001944   Section        0  bsp_spi_nrf.o(i.SPI_NRF_ReadBuf)
    i.SPI_NRF_ReadReg                        0x08001990   Section        0  bsp_spi_nrf.o(i.SPI_NRF_ReadReg)
    i.SPI_NRF_WriteBuf                       0x080019c4   Section        0  bsp_spi_nrf.o(i.SPI_NRF_WriteBuf)
    i.SPI_NRF_WriteReg                       0x08001a10   Section        0  bsp_spi_nrf.o(i.SPI_NRF_WriteReg)
    i.SVC_Handler                            0x08001a48   Section        0  stm32f10x_it.o(i.SVC_Handler)
    i.SYN_FrameInfo                          0x08001a4a   Section        0  syn6288.o(i.SYN_FrameInfo)
    i.SetSysClock                            0x08001ac4   Section        0  system_stm32f10x.o(i.SetSysClock)
    SetSysClock                              0x08001ac5   Thumb Code     8  system_stm32f10x.o(i.SetSysClock)
    i.SetSysClockTo72                        0x08001acc   Section        0  system_stm32f10x.o(i.SetSysClockTo72)
    SetSysClockTo72                          0x08001acd   Thumb Code   214  system_stm32f10x.o(i.SetSysClockTo72)
    i.Switch_Config                          0x08001bac   Section        0  limit_switch.o(i.Switch_Config)
    i.Switch_NVIC_Configuration              0x08001c70   Section        0  limit_switch.o(i.Switch_NVIC_Configuration)
    Switch_NVIC_Configuration                0x08001c71   Thumb Code    54  limit_switch.o(i.Switch_NVIC_Configuration)
    i.SysTick_CLKSourceConfig                0x08001ca6   Section        0  misc.o(i.SysTick_CLKSourceConfig)
    i.SysTick_Handler                        0x08001cce   Section        0  stm32f10x_it.o(i.SysTick_Handler)
    i.SystemInit                             0x08001cd0   Section        0  system_stm32f10x.o(i.SystemInit)
    i.TB_X_ENA                               0x08001d30   Section        0  driver_x.o(i.TB_X_ENA)
    i.TB_X_GPIO_Config                       0x08001d54   Section        0  driver_x.o(i.TB_X_GPIO_Config)
    TB_X_GPIO_Config                         0x08001d55   Thumb Code    84  driver_x.o(i.TB_X_GPIO_Config)
    i.TB_X_Init                              0x08001db0   Section        0  driver_x.o(i.TB_X_Init)
    i.TB_X_Move                              0x08001dc0   Section        0  driver_x.o(i.TB_X_Move)
    i.TB_X_StepCounter                       0x08001f78   Section        0  driver_x.o(i.TB_X_StepCounter)
    i.TB_X_TIM_Mode_Config                   0x08001f98   Section        0  driver_x.o(i.TB_X_TIM_Mode_Config)
    TB_X_TIM_Mode_Config                     0x08001f99   Thumb Code   152  driver_x.o(i.TB_X_TIM_Mode_Config)
    i.TB_X_TIM_NVIC_Config                   0x08002030   Section        0  driver_x.o(i.TB_X_TIM_NVIC_Config)
    TB_X_TIM_NVIC_Config                     0x08002031   Thumb Code    32  driver_x.o(i.TB_X_TIM_NVIC_Config)
    i.TB_Y_ENA                               0x08002050   Section        0  driver_y.o(i.TB_Y_ENA)
    i.TB_Y_GPIO_Config                       0x08002074   Section        0  driver_y.o(i.TB_Y_GPIO_Config)
    TB_Y_GPIO_Config                         0x08002075   Thumb Code    86  driver_y.o(i.TB_Y_GPIO_Config)
    i.TB_Y_Init                              0x080020d4   Section        0  driver_y.o(i.TB_Y_Init)
    i.TB_Y_Move                              0x080020e4   Section        0  driver_y.o(i.TB_Y_Move)
    i.TB_Y_StepCounter                       0x080022a0   Section        0  driver_y.o(i.TB_Y_StepCounter)
    i.TB_Y_TIM_Mode_Config                   0x080022c0   Section        0  driver_y.o(i.TB_Y_TIM_Mode_Config)
    TB_Y_TIM_Mode_Config                     0x080022c1   Thumb Code   146  driver_y.o(i.TB_Y_TIM_Mode_Config)
    i.TB_Y_TIM_NVIC_Config                   0x08002358   Section        0  driver_y.o(i.TB_Y_TIM_NVIC_Config)
    TB_Y_TIM_NVIC_Config                     0x08002359   Thumb Code    32  driver_y.o(i.TB_Y_TIM_NVIC_Config)
    i.TB_Z_ENA                               0x08002378   Section        0  driver_z.o(i.TB_Z_ENA)
    i.TB_Z_GPIO_Config                       0x0800239c   Section        0  driver_z.o(i.TB_Z_GPIO_Config)
    TB_Z_GPIO_Config                         0x0800239d   Thumb Code    80  driver_z.o(i.TB_Z_GPIO_Config)
    i.TB_Z_Init                              0x080023f4   Section        0  driver_z.o(i.TB_Z_Init)
    i.TB_Z_Move                              0x08002404   Section        0  driver_z.o(i.TB_Z_Move)
    i.TB_Z_StepCounter                       0x080025bc   Section        0  driver_z.o(i.TB_Z_StepCounter)
    i.TB_Z_TIM_Mode_Config                   0x080025dc   Section        0  driver_z.o(i.TB_Z_TIM_Mode_Config)
    TB_Z_TIM_Mode_Config                     0x080025dd   Thumb Code   146  driver_z.o(i.TB_Z_TIM_Mode_Config)
    i.TB_Z_TIM_NVIC_Config                   0x08002674   Section        0  driver_z.o(i.TB_Z_TIM_NVIC_Config)
    TB_Z_TIM_NVIC_Config                     0x08002675   Thumb Code    32  driver_z.o(i.TB_Z_TIM_NVIC_Config)
    i.TIM2_IRQHandler                        0x08002694   Section        0  driver_x.o(i.TIM2_IRQHandler)
    i.TIM3_IRQHandler                        0x080028d0   Section        0  driver_z.o(i.TIM3_IRQHandler)
    i.TIM4_IRQHandler                        0x08002b0c   Section        0  driver_y.o(i.TIM4_IRQHandler)
    i.TIM_ARRPreloadConfig                   0x08002d48   Section        0  stm32f10x_tim.o(i.TIM_ARRPreloadConfig)
    i.TIM_ClearITPendingBit                  0x08002d60   Section        0  stm32f10x_tim.o(i.TIM_ClearITPendingBit)
    i.TIM_Cmd                                0x08002d66   Section        0  stm32f10x_tim.o(i.TIM_Cmd)
    i.TIM_GetITStatus                        0x08002d7e   Section        0  stm32f10x_tim.o(i.TIM_GetITStatus)
    i.TIM_ITConfig                           0x08002da0   Section        0  stm32f10x_tim.o(i.TIM_ITConfig)
    i.TIM_OC1Init                            0x08002db4   Section        0  stm32f10x_tim.o(i.TIM_OC1Init)
    i.TIM_OC1PreloadConfig                   0x08002e4c   Section        0  stm32f10x_tim.o(i.TIM_OC1PreloadConfig)
    i.TIM_OC3Init                            0x08002e60   Section        0  stm32f10x_tim.o(i.TIM_OC3Init)
    i.TIM_OC3PreloadConfig                   0x08002f00   Section        0  stm32f10x_tim.o(i.TIM_OC3PreloadConfig)
    i.TIM_OC4Init                            0x08002f14   Section        0  stm32f10x_tim.o(i.TIM_OC4Init)
    i.TIM_OC4PreloadConfig                   0x08002f90   Section        0  stm32f10x_tim.o(i.TIM_OC4PreloadConfig)
    i.TIM_SetAutoreload                      0x08002faa   Section        0  stm32f10x_tim.o(i.TIM_SetAutoreload)
    i.TIM_SetCompare1                        0x08002fae   Section        0  stm32f10x_tim.o(i.TIM_SetCompare1)
    i.TIM_SetCompare2                        0x08002fb2   Section        0  stm32f10x_tim.o(i.TIM_SetCompare2)
    i.TIM_SetCompare3                        0x08002fb6   Section        0  stm32f10x_tim.o(i.TIM_SetCompare3)
    i.TIM_TimeBaseInit                       0x08002fbc   Section        0  stm32f10x_tim.o(i.TIM_TimeBaseInit)
    i.TIM_TimeBaseStructInit                 0x08003060   Section        0  stm32f10x_tim.o(i.TIM_TimeBaseStructInit)
    i.TIM_UpdateRequestConfig                0x08003072   Section        0  stm32f10x_tim.o(i.TIM_UpdateRequestConfig)
    i.USART1_IRQHandler                      0x0800308c   Section        0  usart.o(i.USART1_IRQHandler)
    i.USART3_IRQHandler                      0x08003114   Section        0  usart3.o(i.USART3_IRQHandler)
    i.USART3_Init                            0x0800319c   Section        0  usart3.o(i.USART3_Init)
    i.USART3_SendData                        0x08003244   Section        0  usart3.o(i.USART3_SendData)
    i.USART3_SendString                      0x08003260   Section        0  usart3.o(i.USART3_SendString)
    i.USART_Cmd                              0x0800327c   Section        0  stm32f10x_usart.o(i.USART_Cmd)
    i.USART_GetITStatus                      0x08003294   Section        0  stm32f10x_usart.o(i.USART_GetITStatus)
    i.USART_ITConfig                         0x080032e8   Section        0  stm32f10x_usart.o(i.USART_ITConfig)
    i.USART_Init                             0x08003334   Section        0  stm32f10x_usart.o(i.USART_Init)
    i.USART_ReceiveData                      0x0800340c   Section        0  stm32f10x_usart.o(i.USART_ReceiveData)
    i.UsageFault_Handler                     0x08003416   Section        0  stm32f10x_it.o(i.UsageFault_Handler)
    i.User_Modification                      0x0800341c   Section        0  control.o(i.User_Modification)
    i.__0printf$1                            0x080039f4   Section        0  printf1.o(i.__0printf$1)
    i.__scatterload_copy                     0x08003a14   Section       14  handlers.o(i.__scatterload_copy)
    i.__scatterload_null                     0x08003a22   Section        2  handlers.o(i.__scatterload_null)
    i.__scatterload_zeroinit                 0x08003a24   Section       14  handlers.o(i.__scatterload_zeroinit)
    i.__set_errno                            0x08003a34   Section        0  errno.o(i.__set_errno)
    i._printf_core                           0x08003a40   Section        0  printf1.o(i._printf_core)
    _printf_core                             0x08003a41   Thumb Code   336  printf1.o(i._printf_core)
    i.delay_init                             0x08003b94   Section        0  delay.o(i.delay_init)
    i.delay_ms                               0x08003bd8   Section        0  delay.o(i.delay_ms)
    i.delay_us                               0x08003c24   Section        0  delay.o(i.delay_us)
    i.fan_GPIO_Config                        0x08003c70   Section        0  mechanical_arm.o(i.fan_GPIO_Config)
    i.fputc                                  0x08003ca0   Section        0  usart.o(i.fputc)
    i.main                                   0x08003cbc   Section        0  main.o(i.main)
    i.mechanical_arm_GPIO_Config             0x08003ee4   Section        0  mechanical_arm.o(i.mechanical_arm_GPIO_Config)
    mechanical_arm_GPIO_Config               0x08003ee5   Thumb Code    52  mechanical_arm.o(i.mechanical_arm_GPIO_Config)
    i.mechanical_arm_Init                    0x08003f1c   Section        0  mechanical_arm.o(i.mechanical_arm_Init)
    i.mechanical_arm_Mode_Config             0x08003f2c   Section        0  mechanical_arm.o(i.mechanical_arm_Mode_Config)
    mechanical_arm_Mode_Config               0x08003f2d   Thumb Code   120  mechanical_arm.o(i.mechanical_arm_Mode_Config)
    i.preceding_page                         0x08003fa8   Section        0  control.o(i.preceding_page)
    i.proxy_software                         0x080040fc   Section        0  control.o(i.proxy_software)
    i.remote_control                         0x080042f8   Section        0  control.o(i.remote_control)
    i.speech_control                         0x08004568   Section        0  control.o(i.speech_control)
    i.sqrt                                   0x080045cc   Section        0  sqrt.o(i.sqrt)
    i.uart_init                              0x08004618   Section        0  usart.o(i.uart_init)
    .constdata                               0x080046b8   Section      280  ldchip.o(.constdata)
    .data                                    0x20000000   Section       54  main.o(.data)
    .data                                    0x20000038   Section       20  driver_x.o(.data)
    last_accel_delay                         0x20000040   Data           4  driver_x.o(.data)
    step_count                               0x20000044   Data           4  driver_x.o(.data)
    rest                                     0x20000048   Data           4  driver_x.o(.data)
    .data                                    0x2000004c   Section       20  driver_y.o(.data)
    last_accel_delay                         0x20000054   Data           4  driver_y.o(.data)
    step_count                               0x20000058   Data           4  driver_y.o(.data)
    rest                                     0x2000005c   Data           4  driver_y.o(.data)
    .data                                    0x20000060   Section       20  driver_z.o(.data)
    last_accel_delay                         0x20000068   Data           4  driver_z.o(.data)
    step_count                               0x2000006c   Data           4  driver_z.o(.data)
    rest                                     0x20000070   Data           4  driver_z.o(.data)
    .data                                    0x20000074   Section       10  bsp_spi_nrf.o(.data)
    .data                                    0x2000007e   Section        2  ldchip.o(.data)
    .data                                    0x20000080   Section        2  usart3.o(.data)
    .data                                    0x20000084   Section       77  control.o(.data)
    .data                                    0x200000d2   Section        4  delay.o(.data)
    fac_us                                   0x200000d2   Data           1  delay.o(.data)
    fac_ms                                   0x200000d4   Data           2  delay.o(.data)
    .data                                    0x200000d8   Section        6  usart.o(.data)
    .data                                    0x200000e0   Section       20  system_stm32f10x.o(.data)
    .data                                    0x200000f4   Section       20  stm32f10x_rcc.o(.data)
    APBAHBPrescTable                         0x200000f4   Data          16  stm32f10x_rcc.o(.data)
    ADCPrescTable                            0x20000104   Data           4  stm32f10x_rcc.o(.data)
    .data                                    0x20000108   Section        4  errno.o(.data)
    _errno                                   0x20000108   Data           4  errno.o(.data)
    .bss                                     0x2000010c   Section       64  main.o(.bss)
    .bss                                     0x2000014c   Section       24  driver_x.o(.bss)
    .bss                                     0x20000164   Section       24  driver_y.o(.bss)
    .bss                                     0x2000017c   Section       24  driver_z.o(.bss)
    .bss                                     0x20000194   Section      200  usart3.o(.bss)
    .bss                                     0x2000025c   Section      200  usart.o(.bss)
    STACK                                    0x20000328   Section     1024  startup_stm32f10x_hd.o(STACK)

    Global Symbols

    Symbol Name                              Value     Ov Type        Size  Object(Section)

    BuildAttributes$$THM_ISAv4$P$D$K$B$S$PE$A:L22UL41UL21$X:L11$S22US41US21$IEEE1$IW$USESV6$~STKCKD$USESV7$~SHL$OTIME$ROPI$IEEEJ$EBA8$MICROLIB$REQ8$PRES8$EABIv2 0x00000000   Number         0  anon$$obj.o ABSOLUTE
    __ARM_use_no_argv                        0x00000000   Number         0  main.o ABSOLUTE
    __use_no_errno                           0x00000000   Number         0  useno.o ABSOLUTE
    __use_no_exception_handling              0x00000000   Number         0  useno.o ABSOLUTE
    __use_no_fp                              0x00000000   Number         0  useno.o ABSOLUTE
    __use_no_heap                            0x00000000   Number         0  useno.o ABSOLUTE
    __use_no_heap_region                     0x00000000   Number         0  useno.o ABSOLUTE
    __use_no_semihosting                     0x00000000   Number         0  useno.o ABSOLUTE
    __use_no_semihosting_swi                 0x00000000   Number         0  useno.o ABSOLUTE
    __use_no_signal_handling                 0x00000000   Number         0  useno.o ABSOLUTE
    _printf_a                                0x00000000   Number         0  stubs.o ABSOLUTE
    _printf_c                                0x00000000   Number         0  stubs.o ABSOLUTE
    _printf_charcount                        0x00000000   Number         0  stubs.o ABSOLUTE
    _printf_d                                0x00000000   Number         0  stubs.o ABSOLUTE
    _printf_e                                0x00000000   Number         0  stubs.o ABSOLUTE
    _printf_f                                0x00000000   Number         0  stubs.o ABSOLUTE
    _printf_flags                            0x00000000   Number         0  stubs.o ABSOLUTE
    _printf_fp_dec                           0x00000000   Number         0  stubs.o ABSOLUTE
    _printf_fp_hex                           0x00000000   Number         0  stubs.o ABSOLUTE
    _printf_g                                0x00000000   Number         0  stubs.o ABSOLUTE
    _printf_i                                0x00000000   Number         0  stubs.o ABSOLUTE
    _printf_int_dec                          0x00000000   Number         0  stubs.o ABSOLUTE
    _printf_l                                0x00000000   Number         0  stubs.o ABSOLUTE
    _printf_lc                               0x00000000   Number         0  stubs.o ABSOLUTE
    _printf_ll                               0x00000000   Number         0  stubs.o ABSOLUTE
    _printf_lld                              0x00000000   Number         0  stubs.o ABSOLUTE
    _printf_lli                              0x00000000   Number         0  stubs.o ABSOLUTE
    _printf_llo                              0x00000000   Number         0  stubs.o ABSOLUTE
    _printf_llu                              0x00000000   Number         0  stubs.o ABSOLUTE
    _printf_llx                              0x00000000   Number         0  stubs.o ABSOLUTE
    _printf_longlong_dec                     0x00000000   Number         0  stubs.o ABSOLUTE
    _printf_longlong_hex                     0x00000000   Number         0  stubs.o ABSOLUTE
    _printf_longlong_oct                     0x00000000   Number         0  stubs.o ABSOLUTE
    _printf_ls                               0x00000000   Number         0  stubs.o ABSOLUTE
    _printf_mbtowc                           0x00000000   Number         0  stubs.o ABSOLUTE
    _printf_n                                0x00000000   Number         0  stubs.o ABSOLUTE
    _printf_o                                0x00000000   Number         0  stubs.o ABSOLUTE
    _printf_p                                0x00000000   Number         0  stubs.o ABSOLUTE
    _printf_percent                          0x00000000   Number         0  stubs.o ABSOLUTE
    _printf_pre_padding                      0x00000000   Number         0  stubs.o ABSOLUTE
    _printf_return_value                     0x00000000   Number         0  stubs.o ABSOLUTE
    _printf_s                                0x00000000   Number         0  stubs.o ABSOLUTE
    _printf_sizespec                         0x00000000   Number         0  stubs.o ABSOLUTE
    _printf_str                              0x00000000   Number         0  stubs.o ABSOLUTE
    _printf_truncate_signed                  0x00000000   Number         0  stubs.o ABSOLUTE
    _printf_truncate_unsigned                0x00000000   Number         0  stubs.o ABSOLUTE
    _printf_u                                0x00000000   Number         0  stubs.o ABSOLUTE
    _printf_wc                               0x00000000   Number         0  stubs.o ABSOLUTE
    _printf_wctomb                           0x00000000   Number         0  stubs.o ABSOLUTE
    _printf_widthprec                        0x00000000   Number         0  stubs.o ABSOLUTE
    _printf_x                                0x00000000   Number         0  stubs.o ABSOLUTE
    __arm_fini_                               - Undefined Weak Reference
    __cpp_initialize__aeabi_                  - Undefined Weak Reference
    __cxa_finalize                            - Undefined Weak Reference
    __decompress                              - Undefined Weak Reference
    _clock_init                               - Undefined Weak Reference
    _microlib_exit                            - Undefined Weak Reference
    __Vectors_Size                           0x00000130   Number         0  startup_stm32f10x_hd.o ABSOLUTE
    __Vectors                                0x08000000   Data           4  startup_stm32f10x_hd.o(RESET)
    __Vectors_End                            0x08000130   Data           0  startup_stm32f10x_hd.o(RESET)
    __main                                   0x08000131   Thumb Code     0  entry.o(.ARM.Collect$$$$00000000)
    _main_stk                                0x08000131   Thumb Code     0  entry2.o(.ARM.Collect$$$$00000001)
    _main_scatterload                        0x08000135   Thumb Code     0  entry5.o(.ARM.Collect$$$$00000004)
    __main_after_scatterload                 0x08000139   Thumb Code     0  entry5.o(.ARM.Collect$$$$00000004)
    _main_clock                              0x08000139   Thumb Code     0  entry7b.o(.ARM.Collect$$$$00000008)
    _main_cpp_init                           0x08000139   Thumb Code     0  entry8b.o(.ARM.Collect$$$$0000000A)
    _main_init                               0x08000139   Thumb Code     0  entry9a.o(.ARM.Collect$$$$0000000B)
    __rt_lib_shutdown_fini                   0x08000141   Thumb Code     0  entry12b.o(.ARM.Collect$$$$0000000E)
    __rt_final_cpp                           0x08000145   Thumb Code     0  entry10a.o(.ARM.Collect$$$$0000000F)
    __rt_final_exit                          0x08000145   Thumb Code     0  entry11a.o(.ARM.Collect$$$$00000011)
    Reset_Handler                            0x08000149   Thumb Code     8  startup_stm32f10x_hd.o(.text)
    ADC1_2_IRQHandler                        0x08000163   Thumb Code     0  startup_stm32f10x_hd.o(.text)
    ADC3_IRQHandler                          0x08000163   Thumb Code     0  startup_stm32f10x_hd.o(.text)
    CAN1_RX1_IRQHandler                      0x08000163   Thumb Code     0  startup_stm32f10x_hd.o(.text)
    CAN1_SCE_IRQHandler                      0x08000163   Thumb Code     0  startup_stm32f10x_hd.o(.text)
    DMA1_Channel1_IRQHandler                 0x08000163   Thumb Code     0  startup_stm32f10x_hd.o(.text)
    DMA1_Channel2_IRQHandler                 0x08000163   Thumb Code     0  startup_stm32f10x_hd.o(.text)
    DMA1_Channel3_IRQHandler                 0x08000163   Thumb Code     0  startup_stm32f10x_hd.o(.text)
    DMA1_Channel4_IRQHandler                 0x08000163   Thumb Code     0  startup_stm32f10x_hd.o(.text)
    DMA1_Channel5_IRQHandler                 0x08000163   Thumb Code     0  startup_stm32f10x_hd.o(.text)
    DMA1_Channel6_IRQHandler                 0x08000163   Thumb Code     0  startup_stm32f10x_hd.o(.text)
    DMA1_Channel7_IRQHandler                 0x08000163   Thumb Code     0  startup_stm32f10x_hd.o(.text)
    DMA2_Channel1_IRQHandler                 0x08000163   Thumb Code     0  startup_stm32f10x_hd.o(.text)
    DMA2_Channel2_IRQHandler                 0x08000163   Thumb Code     0  startup_stm32f10x_hd.o(.text)
    DMA2_Channel3_IRQHandler                 0x08000163   Thumb Code     0  startup_stm32f10x_hd.o(.text)
    DMA2_Channel4_5_IRQHandler               0x08000163   Thumb Code     0  startup_stm32f10x_hd.o(.text)
    FLASH_IRQHandler                         0x08000163   Thumb Code     0  startup_stm32f10x_hd.o(.text)
    FSMC_IRQHandler                          0x08000163   Thumb Code     0  startup_stm32f10x_hd.o(.text)
    I2C1_ER_IRQHandler                       0x08000163   Thumb Code     0  startup_stm32f10x_hd.o(.text)
    I2C1_EV_IRQHandler                       0x08000163   Thumb Code     0  startup_stm32f10x_hd.o(.text)
    I2C2_ER_IRQHandler                       0x08000163   Thumb Code     0  startup_stm32f10x_hd.o(.text)
    I2C2_EV_IRQHandler                       0x08000163   Thumb Code     0  startup_stm32f10x_hd.o(.text)
    PVD_IRQHandler                           0x08000163   Thumb Code     0  startup_stm32f10x_hd.o(.text)
    RCC_IRQHandler                           0x08000163   Thumb Code     0  startup_stm32f10x_hd.o(.text)
    RTCAlarm_IRQHandler                      0x08000163   Thumb Code     0  startup_stm32f10x_hd.o(.text)
    RTC_IRQHandler                           0x08000163   Thumb Code     0  startup_stm32f10x_hd.o(.text)
    SDIO_IRQHandler                          0x08000163   Thumb Code     0  startup_stm32f10x_hd.o(.text)
    SPI1_IRQHandler                          0x08000163   Thumb Code     0  startup_stm32f10x_hd.o(.text)
    SPI2_IRQHandler                          0x08000163   Thumb Code     0  startup_stm32f10x_hd.o(.text)
    SPI3_IRQHandler                          0x08000163   Thumb Code     0  startup_stm32f10x_hd.o(.text)
    TAMPER_IRQHandler                        0x08000163   Thumb Code     0  startup_stm32f10x_hd.o(.text)
    TIM1_BRK_IRQHandler                      0x08000163   Thumb Code     0  startup_stm32f10x_hd.o(.text)
    TIM1_CC_IRQHandler                       0x08000163   Thumb Code     0  startup_stm32f10x_hd.o(.text)
    TIM1_TRG_COM_IRQHandler                  0x08000163   Thumb Code     0  startup_stm32f10x_hd.o(.text)
    TIM1_UP_IRQHandler                       0x08000163   Thumb Code     0  startup_stm32f10x_hd.o(.text)
    TIM5_IRQHandler                          0x08000163   Thumb Code     0  startup_stm32f10x_hd.o(.text)
    TIM6_IRQHandler                          0x08000163   Thumb Code     0  startup_stm32f10x_hd.o(.text)
    TIM7_IRQHandler                          0x08000163   Thumb Code     0  startup_stm32f10x_hd.o(.text)
    TIM8_BRK_IRQHandler                      0x08000163   Thumb Code     0  startup_stm32f10x_hd.o(.text)
    TIM8_CC_IRQHandler                       0x08000163   Thumb Code     0  startup_stm32f10x_hd.o(.text)
    TIM8_TRG_COM_IRQHandler                  0x08000163   Thumb Code     0  startup_stm32f10x_hd.o(.text)
    TIM8_UP_IRQHandler                       0x08000163   Thumb Code     0  startup_stm32f10x_hd.o(.text)
    UART4_IRQHandler                         0x08000163   Thumb Code     0  startup_stm32f10x_hd.o(.text)
    UART5_IRQHandler                         0x08000163   Thumb Code     0  startup_stm32f10x_hd.o(.text)
    USART2_IRQHandler                        0x08000163   Thumb Code     0  startup_stm32f10x_hd.o(.text)
    USBWakeUp_IRQHandler                     0x08000163   Thumb Code     0  startup_stm32f10x_hd.o(.text)
    USB_HP_CAN1_TX_IRQHandler                0x08000163   Thumb Code     0  startup_stm32f10x_hd.o(.text)
    USB_LP_CAN1_RX0_IRQHandler               0x08000163   Thumb Code     0  startup_stm32f10x_hd.o(.text)
    WWDG_IRQHandler                          0x08000163   Thumb Code     0  startup_stm32f10x_hd.o(.text)
    __aeabi_memcpy                           0x0800016d   Thumb Code    36  memcpya.o(.text)
    __aeabi_memcpy4                          0x0800016d   Thumb Code     0  memcpya.o(.text)
    __aeabi_memcpy8                          0x0800016d   Thumb Code     0  memcpya.o(.text)
    strlen                                   0x08000191   Thumb Code    14  strlen.o(.text)
    __aeabi_dmul                             0x0800019f   Thumb Code   228  dmul.o(.text)
    __aeabi_ddiv                             0x08000283   Thumb Code   222  ddiv.o(.text)
    __aeabi_ui2d                             0x08000361   Thumb Code    26  dfltui.o(.text)
    __aeabi_d2uiz                            0x0800037b   Thumb Code    50  dfixui.o(.text)
    __aeabi_uidiv                            0x080003ad   Thumb Code     0  uidiv.o(.text)
    __aeabi_uidivmod                         0x080003ad   Thumb Code    44  uidiv.o(.text)
    __aeabi_llsr                             0x080003d9   Thumb Code    32  llushr.o(.text)
    _ll_ushift_r                             0x080003d9   Thumb Code     0  llushr.o(.text)
    __I$use$fp                               0x080003f9   Thumb Code     0  iusefp.o(.text)
    _double_round                            0x080003f9   Thumb Code    30  depilogue.o(.text)
    _double_epilogue                         0x08000417   Thumb Code   156  depilogue.o(.text)
    _dsqrt                                   0x080004b3   Thumb Code   162  dsqrt.o(.text)
    __scatterload                            0x08000555   Thumb Code    28  init.o(.text)
    __scatterload_rt2                        0x08000555   Thumb Code     0  init.o(.text)
    __aeabi_llsl                             0x08000579   Thumb Code    30  llshl.o(.text)
    _ll_shift_l                              0x08000579   Thumb Code     0  llshl.o(.text)
    After_the_pagee                          0x08000599   Thumb Code   310  control.o(i.After_the_pagee)
    BusFault_Handler                         0x080006e5   Thumb Code     4  stm32f10x_it.o(i.BusFault_Handler)
    DebugMon_Handler                         0x080006e9   Thumb Code     2  stm32f10x_it.o(i.DebugMon_Handler)
    EXTI0_IRQHandler                         0x080006ed   Thumb Code    62  stm32f10x_it.o(i.EXTI0_IRQHandler)
    EXTI15_10_IRQHandler                     0x08000761   Thumb Code    66  stm32f10x_it.o(i.EXTI15_10_IRQHandler)
    EXTI1_IRQHandler                         0x080007d9   Thumb Code    94  stm32f10x_it.o(i.EXTI1_IRQHandler)
    EXTI2_IRQHandler                         0x08000849   Thumb Code   174  stm32f10x_it.o(i.EXTI2_IRQHandler)
    EXTI3_IRQHandler                         0x08000991   Thumb Code    18  stm32f10x_it.o(i.EXTI3_IRQHandler)
    EXTI4_IRQHandler                         0x080009a5   Thumb Code    62  stm32f10x_it.o(i.EXTI4_IRQHandler)
    EXTI9_5_IRQHandler                       0x08000a19   Thumb Code    34  reg_rw.o(i.EXTI9_5_IRQHandler)
    EXTIX_Init                               0x08000a3b   Thumb Code    78  reg_rw.o(i.EXTIX_Init)
    EXTI_ClearFlag                           0x08000a89   Thumb Code     6  stm32f10x_exti.o(i.EXTI_ClearFlag)
    EXTI_ClearITPendingBit                   0x08000a95   Thumb Code     6  stm32f10x_exti.o(i.EXTI_ClearITPendingBit)
    EXTI_GetITStatus                         0x08000aa1   Thumb Code    34  stm32f10x_exti.o(i.EXTI_GetITStatus)
    EXTI_Init                                0x08000ac9   Thumb Code   142  stm32f10x_exti.o(i.EXTI_Init)
    EXTI_Key_Config                          0x08000b5d   Thumb Code   182  key.o(i.EXTI_Key_Config)
    GPIO_EXTILineConfig                      0x08000c1d   Thumb Code    60  stm32f10x_gpio.o(i.GPIO_EXTILineConfig)
    GPIO_Init                                0x08000c5d   Thumb Code   278  stm32f10x_gpio.o(i.GPIO_Init)
    GPIO_PinRemapConfig                      0x08000d75   Thumb Code   138  stm32f10x_gpio.o(i.GPIO_PinRemapConfig)
    GPIO_ReadInputDataBit                    0x08000e05   Thumb Code    18  stm32f10x_gpio.o(i.GPIO_ReadInputDataBit)
    GPIO_ResetBits                           0x08000e17   Thumb Code     4  stm32f10x_gpio.o(i.GPIO_ResetBits)
    GPIO_SetBits                             0x08000e1b   Thumb Code     4  stm32f10x_gpio.o(i.GPIO_SetBits)
    HardFault_Handler                        0x08000e1f   Thumb Code     4  stm32f10x_it.o(i.HardFault_Handler)
    LD3320_Init                              0x08000e59   Thumb Code   130  reg_rw.o(i.LD3320_Init)
    LD_AsrAddFixed                           0x08000ee5   Thumb Code   174  ldchip.o(i.LD_AsrAddFixed)
    LD_AsrRun                                0x08000fa9   Thumb Code   128  ldchip.o(i.LD_AsrRun)
    LD_AsrStart                              0x08001029   Thumb Code     8  ldchip.o(i.LD_AsrStart)
    LD_Check_ASRBusyFlag_b2                  0x08001031   Thumb Code    44  ldchip.o(i.LD_Check_ASRBusyFlag_b2)
    LD_GetResult                             0x0800105d   Thumb Code    10  ldchip.o(i.LD_GetResult)
    LD_Init_ASR                              0x08001069   Thumb Code   106  ldchip.o(i.LD_Init_ASR)
    LD_Init_Common                           0x080010d9   Thumb Code   200  ldchip.o(i.LD_Init_Common)
    LD_ReadReg                               0x080011a5   Thumb Code   250  reg_rw.o(i.LD_ReadReg)
    LD_Reset                                 0x080012a9   Thumb Code    70  ldchip.o(i.LD_Reset)
    LD_WriteReg                              0x080012f9   Thumb Code   244  reg_rw.o(i.LD_WriteReg)
    MemManage_Handler                        0x080013f5   Thumb Code     4  stm32f10x_it.o(i.MemManage_Handler)
    NMI_Handler                              0x080013f9   Thumb Code     2  stm32f10x_it.o(i.NMI_Handler)
    NRF_Check                                0x080013fd   Thumb Code    68  bsp_spi_nrf.o(i.NRF_Check)
    NRF_RX_Mode                              0x08001449   Thumb Code    82  bsp_spi_nrf.o(i.NRF_RX_Mode)
    NRF_Rx_Dat                               0x080014a5   Thumb Code    92  bsp_spi_nrf.o(i.NRF_Rx_Dat)
    NVIC_Init                                0x08001509   Thumb Code   100  misc.o(i.NVIC_Init)
    NVIC_PriorityGroupConfig                 0x08001579   Thumb Code    10  misc.o(i.NVIC_PriorityGroupConfig)
    PendSV_Handler                           0x0800158d   Thumb Code     2  stm32f10x_it.o(i.PendSV_Handler)
    ProcessInt                               0x08001591   Thumb Code   172  ldchip.o(i.ProcessInt)
    RCC_APB1PeriphClockCmd                   0x08001645   Thumb Code    26  stm32f10x_rcc.o(i.RCC_APB1PeriphClockCmd)
    RCC_APB2PeriphClockCmd                   0x08001665   Thumb Code    26  stm32f10x_rcc.o(i.RCC_APB2PeriphClockCmd)
    RCC_GetClocksFreq                        0x08001685   Thumb Code   192  stm32f10x_rcc.o(i.RCC_GetClocksFreq)
    RunASR                                   0x08001759   Thumb Code    80  ldchip.o(i.RunASR)
    SPI_Cmd                                  0x080017a9   Thumb Code    24  stm32f10x_spi.o(i.SPI_Cmd)
    SPI_I2S_GetFlagStatus                    0x080017c1   Thumb Code    18  stm32f10x_spi.o(i.SPI_I2S_GetFlagStatus)
    SPI_I2S_ReceiveData                      0x080017d3   Thumb Code     6  stm32f10x_spi.o(i.SPI_I2S_ReceiveData)
    SPI_I2S_SendData                         0x080017d9   Thumb Code     4  stm32f10x_spi.o(i.SPI_I2S_SendData)
    SPI_Init                                 0x080017dd   Thumb Code    60  stm32f10x_spi.o(i.SPI_Init)
    SPI_NRF_Init                             0x08001819   Thumb Code   226  bsp_spi_nrf.o(i.SPI_NRF_Init)
    SPI_NRF_RW                               0x0800190d   Thumb Code    50  bsp_spi_nrf.o(i.SPI_NRF_RW)
    SPI_NRF_ReadBuf                          0x08001945   Thumb Code    70  bsp_spi_nrf.o(i.SPI_NRF_ReadBuf)
    SPI_NRF_ReadReg                          0x08001991   Thumb Code    48  bsp_spi_nrf.o(i.SPI_NRF_ReadReg)
    SPI_NRF_WriteBuf                         0x080019c5   Thumb Code    70  bsp_spi_nrf.o(i.SPI_NRF_WriteBuf)
    SPI_NRF_WriteReg                         0x08001a11   Thumb Code    50  bsp_spi_nrf.o(i.SPI_NRF_WriteReg)
    SVC_Handler                              0x08001a49   Thumb Code     2  stm32f10x_it.o(i.SVC_Handler)
    SYN_FrameInfo                            0x08001a4b   Thumb Code   122  syn6288.o(i.SYN_FrameInfo)
    Switch_Config                            0x08001bad   Thumb Code   188  limit_switch.o(i.Switch_Config)
    SysTick_CLKSourceConfig                  0x08001ca7   Thumb Code    40  misc.o(i.SysTick_CLKSourceConfig)
    SysTick_Handler                          0x08001ccf   Thumb Code     2  stm32f10x_it.o(i.SysTick_Handler)
    SystemInit                               0x08001cd1   Thumb Code    78  system_stm32f10x.o(i.SystemInit)
    TB_X_ENA                                 0x08001d31   Thumb Code    32  driver_x.o(i.TB_X_ENA)
    TB_X_Init                                0x08001db1   Thumb Code    16  driver_x.o(i.TB_X_Init)
    TB_X_Move                                0x08001dc1   Thumb Code   416  driver_x.o(i.TB_X_Move)
    TB_X_StepCounter                         0x08001f79   Thumb Code    28  driver_x.o(i.TB_X_StepCounter)
    TB_Y_ENA                                 0x08002051   Thumb Code    32  driver_y.o(i.TB_Y_ENA)
    TB_Y_Init                                0x080020d5   Thumb Code    16  driver_y.o(i.TB_Y_Init)
    TB_Y_Move                                0x080020e5   Thumb Code   416  driver_y.o(i.TB_Y_Move)
    TB_Y_StepCounter                         0x080022a1   Thumb Code    28  driver_y.o(i.TB_Y_StepCounter)
    TB_Z_ENA                                 0x08002379   Thumb Code    32  driver_z.o(i.TB_Z_ENA)
    TB_Z_Init                                0x080023f5   Thumb Code    16  driver_z.o(i.TB_Z_Init)
    TB_Z_Move                                0x08002405   Thumb Code   412  driver_z.o(i.TB_Z_Move)
    TB_Z_StepCounter                         0x080025bd   Thumb Code    28  driver_z.o(i.TB_Z_StepCounter)
    TIM2_IRQHandler                          0x08002695   Thumb Code   546  driver_x.o(i.TIM2_IRQHandler)
    TIM3_IRQHandler                          0x080028d1   Thumb Code   548  driver_z.o(i.TIM3_IRQHandler)
    TIM4_IRQHandler                          0x08002b0d   Thumb Code   548  driver_y.o(i.TIM4_IRQHandler)
    TIM_ARRPreloadConfig                     0x08002d49   Thumb Code    24  stm32f10x_tim.o(i.TIM_ARRPreloadConfig)
    TIM_ClearITPendingBit                    0x08002d61   Thumb Code     6  stm32f10x_tim.o(i.TIM_ClearITPendingBit)
    TIM_Cmd                                  0x08002d67   Thumb Code    24  stm32f10x_tim.o(i.TIM_Cmd)
    TIM_GetITStatus                          0x08002d7f   Thumb Code    34  stm32f10x_tim.o(i.TIM_GetITStatus)
    TIM_ITConfig                             0x08002da1   Thumb Code    18  stm32f10x_tim.o(i.TIM_ITConfig)
    TIM_OC1Init                              0x08002db5   Thumb Code   132  stm32f10x_tim.o(i.TIM_OC1Init)
    TIM_OC1PreloadConfig                     0x08002e4d   Thumb Code    18  stm32f10x_tim.o(i.TIM_OC1PreloadConfig)
    TIM_OC3Init                              0x08002e61   Thumb Code   150  stm32f10x_tim.o(i.TIM_OC3Init)
    TIM_OC3PreloadConfig                     0x08002f01   Thumb Code    18  stm32f10x_tim.o(i.TIM_OC3PreloadConfig)
    TIM_OC4Init                              0x08002f15   Thumb Code   114  stm32f10x_tim.o(i.TIM_OC4Init)
    TIM_OC4PreloadConfig                     0x08002f91   Thumb Code    26  stm32f10x_tim.o(i.TIM_OC4PreloadConfig)
    TIM_SetAutoreload                        0x08002fab   Thumb Code     4  stm32f10x_tim.o(i.TIM_SetAutoreload)
    TIM_SetCompare1                          0x08002faf   Thumb Code     4  stm32f10x_tim.o(i.TIM_SetCompare1)
    TIM_SetCompare2                          0x08002fb3   Thumb Code     4  stm32f10x_tim.o(i.TIM_SetCompare2)
    TIM_SetCompare3                          0x08002fb7   Thumb Code     4  stm32f10x_tim.o(i.TIM_SetCompare3)
    TIM_TimeBaseInit                         0x08002fbd   Thumb Code   122  stm32f10x_tim.o(i.TIM_TimeBaseInit)
    TIM_TimeBaseStructInit                   0x08003061   Thumb Code    18  stm32f10x_tim.o(i.TIM_TimeBaseStructInit)
    TIM_UpdateRequestConfig                  0x08003073   Thumb Code    24  stm32f10x_tim.o(i.TIM_UpdateRequestConfig)
    USART1_IRQHandler                        0x0800308d   Thumb Code   122  usart.o(i.USART1_IRQHandler)
    USART3_IRQHandler                        0x08003115   Thumb Code   122  usart3.o(i.USART3_IRQHandler)
    USART3_Init                              0x0800319d   Thumb Code   158  usart3.o(i.USART3_Init)
    USART3_SendData                          0x08003245   Thumb Code    22  usart3.o(i.USART3_SendData)
    USART3_SendString                        0x08003261   Thumb Code    28  usart3.o(i.USART3_SendString)
    USART_Cmd                                0x0800327d   Thumb Code    24  stm32f10x_usart.o(i.USART_Cmd)
    USART_GetITStatus                        0x08003295   Thumb Code    84  stm32f10x_usart.o(i.USART_GetITStatus)
    USART_ITConfig                           0x080032e9   Thumb Code    74  stm32f10x_usart.o(i.USART_ITConfig)
    USART_Init                               0x08003335   Thumb Code   210  stm32f10x_usart.o(i.USART_Init)
    USART_ReceiveData                        0x0800340d   Thumb Code    10  stm32f10x_usart.o(i.USART_ReceiveData)
    UsageFault_Handler                       0x08003417   Thumb Code     4  stm32f10x_it.o(i.UsageFault_Handler)
    User_Modification                        0x0800341d   Thumb Code   864  control.o(i.User_Modification)
    __0printf$1                              0x080039f5   Thumb Code    22  printf1.o(i.__0printf$1)
    __1printf$1                              0x080039f5   Thumb Code     0  printf1.o(i.__0printf$1)
    __2printf                                0x080039f5   Thumb Code     0  printf1.o(i.__0printf$1)
    __scatterload_copy                       0x08003a15   Thumb Code    14  handlers.o(i.__scatterload_copy)
    __scatterload_null                       0x08003a23   Thumb Code     2  handlers.o(i.__scatterload_null)
    __scatterload_zeroinit                   0x08003a25   Thumb Code    14  handlers.o(i.__scatterload_zeroinit)
    __set_errno                              0x08003a35   Thumb Code     6  errno.o(i.__set_errno)
    delay_init                               0x08003b95   Thumb Code    50  delay.o(i.delay_init)
    delay_ms                                 0x08003bd9   Thumb Code    72  delay.o(i.delay_ms)
    delay_us                                 0x08003c25   Thumb Code    72  delay.o(i.delay_us)
    fan_GPIO_Config                          0x08003c71   Thumb Code    44  mechanical_arm.o(i.fan_GPIO_Config)
    fputc                                    0x08003ca1   Thumb Code    24  usart.o(i.fputc)
    main                                     0x08003cbd   Thumb Code   422  main.o(i.main)
    mechanical_arm_Init                      0x08003f1d   Thumb Code    16  mechanical_arm.o(i.mechanical_arm_Init)
    preceding_page                           0x08003fa9   Thumb Code   318  control.o(i.preceding_page)
    proxy_software                           0x080040fd   Thumb Code   336  control.o(i.proxy_software)
    remote_control                           0x080042f9   Thumb Code   410  control.o(i.remote_control)
    speech_control                           0x08004569   Thumb Code    92  control.o(i.speech_control)
    sqrt                                     0x080045cd   Thumb Code    76  sqrt.o(i.sqrt)
    uart_init                                0x08004619   Thumb Code   152  usart.o(i.uart_init)
    Region$$Table$$Base                      0x080047d0   Number         0  anon$$obj.o(Region$$Table)
    Region$$Table$$Limit                     0x080047f0   Number         0  anon$$obj.o(Region$$Table)
    nAsrStatus                               0x20000000   Data           1  main.o(.data)
    nAsrRes                                  0x20000001   Data           1  main.o(.data)
    flag                                     0x20000002   Data           1  main.o(.data)
    MAX_X                                    0x20000004   Data           4  main.o(.data)
    MAX_Y                                    0x20000008   Data           4  main.o(.data)
    MAX_Z                                    0x2000000c   Data           4  main.o(.data)
    MIN_X                                    0x20000010   Data           4  main.o(.data)
    MIN_Y                                    0x20000014   Data           4  main.o(.data)
    MIN_Z                                    0x20000018   Data           4  main.o(.data)
    distance_X                               0x2000001c   Data           4  main.o(.data)
    distance_Y                               0x20000020   Data           4  main.o(.data)
    distance_Z                               0x20000024   Data           4  main.o(.data)
    centre_X                                 0x20000028   Data           1  main.o(.data)
    centre_Y                                 0x20000029   Data           1  main.o(.data)
    centre_Z                                 0x2000002a   Data           1  main.o(.data)
    centre                                   0x2000002b   Data           1  main.o(.data)
    remote                                   0x2000002c   Data           1  main.o(.data)
    control_mode                             0x2000002d   Data           1  main.o(.data)
    status                                   0x2000002e   Data           1  main.o(.data)
    i                                        0x2000002f   Data           1  main.o(.data)
    pwmval5_1                                0x20000030   Data           2  main.o(.data)
    pwmval5_3                                0x20000032   Data           2  main.o(.data)
    page_turning                             0x20000034   Data           2  main.o(.data)
    stepPosition_X                           0x20000038   Data           4  driver_x.o(.data)
    status_X                                 0x2000003c   Data           1  driver_x.o(.data)
    stepPosition_Y                           0x2000004c   Data           4  driver_y.o(.data)
    status_Y                                 0x20000050   Data           1  driver_y.o(.data)
    stepPosition_Z                           0x20000060   Data           4  driver_z.o(.data)
    status_Z                                 0x20000064   Data           1  driver_z.o(.data)
    TX_ADDRESS                               0x20000074   Data           5  bsp_spi_nrf.o(.data)
    RX_ADDRESS                               0x20000079   Data           5  bsp_spi_nrf.o(.data)
    nLD_Mode                                 0x2000007e   Data           1  ldchip.o(.data)
    ucRegVal                                 0x2000007f   Data           1  ldchip.o(.data)
    USART3_RX_STA                            0x20000080   Data           2  usart3.o(.data)
    coordinate1_X                            0x20000084   Data           4  control.o(.data)
    coordinate1_Y                            0x20000088   Data           4  control.o(.data)
    coordinate2_X                            0x2000008c   Data           4  control.o(.data)
    coordinate2_Y                            0x20000090   Data           4  control.o(.data)
    coordinate3_X                            0x20000094   Data           4  control.o(.data)
    coordinate3_Y                            0x20000098   Data           4  control.o(.data)
    coordinate4_X                            0x2000009c   Data           4  control.o(.data)
    coordinate4_Y                            0x200000a0   Data           4  control.o(.data)
    coordinate5_X                            0x200000a4   Data           4  control.o(.data)
    coordinate5_Y                            0x200000a8   Data           4  control.o(.data)
    coordinate6_X                            0x200000ac   Data           4  control.o(.data)
    coordinate6_Y                            0x200000b0   Data           4  control.o(.data)
    coordinate7_X                            0x200000b4   Data           4  control.o(.data)
    coordinate7_Y                            0x200000b8   Data           4  control.o(.data)
    coordinate8_X                            0x200000bc   Data           4  control.o(.data)
    coordinate8_Y                            0x200000c0   Data           4  control.o(.data)
    coordinate9_X                            0x200000c4   Data           4  control.o(.data)
    coordinate9_Y                            0x200000c8   Data           4  control.o(.data)
    coordinate10_Z                           0x200000cc   Data           4  control.o(.data)
    a                                        0x200000d0   Data           1  control.o(.data)
    __stdout                                 0x200000d8   Data           4  usart.o(.data)
    USART_RX_STA                             0x200000dc   Data           2  usart.o(.data)
    SystemCoreClock                          0x200000e0   Data           4  system_stm32f10x.o(.data)
    AHBPrescTable                            0x200000e4   Data          16  system_stm32f10x.o(.data)
    txbuf                                    0x2000010c   Data          32  main.o(.bss)
    rxbuf                                    0x2000012c   Data          32  main.o(.bss)
    srd_X                                    0x2000014c   Data          24  driver_x.o(.bss)
    srd_Y                                    0x20000164   Data          24  driver_y.o(.bss)
    srd_Z                                    0x2000017c   Data          24  driver_z.o(.bss)
    USART3_RX_BUF                            0x20000194   Data         200  usart3.o(.bss)
    USART_RX_BUF                             0x2000025c   Data         200  usart.o(.bss)
    __initial_sp                             0x20000728   Data           0  startup_stm32f10x_hd.o(STACK)



==============================================================================

Memory Map of the image

  Image Entry point : 0x08000131

  Load Region LR_IROM1 (Base: 0x08000000, Size: 0x000048fc, Max: 0x00040000, ABSOLUTE)

    Execution Region ER_IROM1 (Exec base: 0x08000000, Load base: 0x08000000, Size: 0x000047f0, Max: 0x00040000, ABSOLUTE)

    Exec Addr    Load Addr    Size         Type   Attr      Idx    E Section Name        Object

    0x08000000   0x08000000   0x00000130   Data   RO            3    RESET               startup_stm32f10x_hd.o
    0x08000130   0x08000130   0x00000000   Code   RO         4037  * .ARM.Collect$$$$00000000  mc_w.l(entry.o)
    0x08000130   0x08000130   0x00000004   Code   RO         4315    .ARM.Collect$$$$00000001  mc_w.l(entry2.o)
    0x08000134   0x08000134   0x00000004   Code   RO         4318    .ARM.Collect$$$$00000004  mc_w.l(entry5.o)
    0x08000138   0x08000138   0x00000000   Code   RO         4320    .ARM.Collect$$$$00000008  mc_w.l(entry7b.o)
    0x08000138   0x08000138   0x00000000   Code   RO         4322    .ARM.Collect$$$$0000000A  mc_w.l(entry8b.o)
    0x08000138   0x08000138   0x00000008   Code   RO         4323    .ARM.Collect$$$$0000000B  mc_w.l(entry9a.o)
    0x08000140   0x08000140   0x00000004   Code   RO         4330    .ARM.Collect$$$$0000000E  mc_w.l(entry12b.o)
    0x08000144   0x08000144   0x00000000   Code   RO         4325    .ARM.Collect$$$$0000000F  mc_w.l(entry10a.o)
    0x08000144   0x08000144   0x00000000   Code   RO         4327    .ARM.Collect$$$$00000011  mc_w.l(entry11a.o)
    0x08000144   0x08000144   0x00000004   Code   RO         4316    .ARM.Collect$$$$00002712  mc_w.l(entry2.o)
    0x08000148   0x08000148   0x00000024   Code   RO            4    .text               startup_stm32f10x_hd.o
    0x0800016c   0x0800016c   0x00000024   Code   RO         4040    .text               mc_w.l(memcpya.o)
    0x08000190   0x08000190   0x0000000e   Code   RO         4042    .text               mc_w.l(strlen.o)
    0x0800019e   0x0800019e   0x000000e4   Code   RO         4307    .text               mf_w.l(dmul.o)
    0x08000282   0x08000282   0x000000de   Code   RO         4309    .text               mf_w.l(ddiv.o)
    0x08000360   0x08000360   0x0000001a   Code   RO         4311    .text               mf_w.l(dfltui.o)
    0x0800037a   0x0800037a   0x00000032   Code   RO         4313    .text               mf_w.l(dfixui.o)
    0x080003ac   0x080003ac   0x0000002c   Code   RO         4331    .text               mc_w.l(uidiv.o)
    0x080003d8   0x080003d8   0x00000020   Code   RO         4335    .text               mc_w.l(llushr.o)
    0x080003f8   0x080003f8   0x00000000   Code   RO         4344    .text               mc_w.l(iusefp.o)
    0x080003f8   0x080003f8   0x000000ba   Code   RO         4345    .text               mf_w.l(depilogue.o)
    0x080004b2   0x080004b2   0x000000a2   Code   RO         4349    .text               mf_w.l(dsqrt.o)
    0x08000554   0x08000554   0x00000024   Code   RO         4357    .text               mc_w.l(init.o)
    0x08000578   0x08000578   0x0000001e   Code   RO         4359    .text               mc_w.l(llshl.o)
    0x08000596   0x08000596   0x00000002   PAD
    0x08000598   0x08000598   0x0000014c   Code   RO          846    i.After_the_pagee   control.o
    0x080006e4   0x080006e4   0x00000004   Code   RO          168    i.BusFault_Handler  stm32f10x_it.o
    0x080006e8   0x080006e8   0x00000002   Code   RO          169    i.DebugMon_Handler  stm32f10x_it.o
    0x080006ea   0x080006ea   0x00000002   PAD
    0x080006ec   0x080006ec   0x00000074   Code   RO          170    i.EXTI0_IRQHandler  stm32f10x_it.o
    0x08000760   0x08000760   0x00000078   Code   RO          171    i.EXTI15_10_IRQHandler  stm32f10x_it.o
    0x080007d8   0x080007d8   0x00000070   Code   RO          172    i.EXTI1_IRQHandler  stm32f10x_it.o
    0x08000848   0x08000848   0x00000148   Code   RO          173    i.EXTI2_IRQHandler  stm32f10x_it.o
    0x08000990   0x08000990   0x00000012   Code   RO          174    i.EXTI3_IRQHandler  stm32f10x_it.o
    0x080009a2   0x080009a2   0x00000002   PAD
    0x080009a4   0x080009a4   0x00000074   Code   RO          175    i.EXTI4_IRQHandler  stm32f10x_it.o
    0x08000a18   0x08000a18   0x00000022   Code   RO          745    i.EXTI9_5_IRQHandler  reg_rw.o
    0x08000a3a   0x08000a3a   0x0000004e   Code   RO          746    i.EXTIX_Init        reg_rw.o
    0x08000a88   0x08000a88   0x0000000c   Code   RO         1859    i.EXTI_ClearFlag    stm32f10x_exti.o
    0x08000a94   0x08000a94   0x0000000c   Code   RO         1860    i.EXTI_ClearITPendingBit  stm32f10x_exti.o
    0x08000aa0   0x08000aa0   0x00000028   Code   RO         1864    i.EXTI_GetITStatus  stm32f10x_exti.o
    0x08000ac8   0x08000ac8   0x00000094   Code   RO         1865    i.EXTI_Init         stm32f10x_exti.o
    0x08000b5c   0x08000b5c   0x000000c0   Code   RO          553    i.EXTI_Key_Config   key.o
    0x08000c1c   0x08000c1c   0x00000040   Code   RO         2210    i.GPIO_EXTILineConfig  stm32f10x_gpio.o
    0x08000c5c   0x08000c5c   0x00000116   Code   RO         2213    i.GPIO_Init         stm32f10x_gpio.o
    0x08000d72   0x08000d72   0x00000002   PAD
    0x08000d74   0x08000d74   0x00000090   Code   RO         2215    i.GPIO_PinRemapConfig  stm32f10x_gpio.o
    0x08000e04   0x08000e04   0x00000012   Code   RO         2217    i.GPIO_ReadInputDataBit  stm32f10x_gpio.o
    0x08000e16   0x08000e16   0x00000004   Code   RO         2220    i.GPIO_ResetBits    stm32f10x_gpio.o
    0x08000e1a   0x08000e1a   0x00000004   Code   RO         2221    i.GPIO_SetBits      stm32f10x_gpio.o
    0x08000e1e   0x08000e1e   0x00000004   Code   RO          176    i.HardFault_Handler  stm32f10x_it.o
    0x08000e22   0x08000e22   0x00000036   Code   RO          554    i.KEY_NVIC_Configuration  key.o
    0x08000e58   0x08000e58   0x0000008c   Code   RO          747    i.LD3320_Init       reg_rw.o
    0x08000ee4   0x08000ee4   0x000000c4   Code   RO          665    i.LD_AsrAddFixed    ldchip.o
    0x08000fa8   0x08000fa8   0x00000080   Code   RO          666    i.LD_AsrRun         ldchip.o
    0x08001028   0x08001028   0x00000008   Code   RO          667    i.LD_AsrStart       ldchip.o
    0x08001030   0x08001030   0x0000002c   Code   RO          668    i.LD_Check_ASRBusyFlag_b2  ldchip.o
    0x0800105c   0x0800105c   0x0000000a   Code   RO          669    i.LD_GetResult      ldchip.o
    0x08001066   0x08001066   0x00000002   PAD
    0x08001068   0x08001068   0x00000070   Code   RO          670    i.LD_Init_ASR       ldchip.o
    0x080010d8   0x080010d8   0x000000cc   Code   RO          671    i.LD_Init_Common    ldchip.o
    0x080011a4   0x080011a4   0x00000104   Code   RO          748    i.LD_ReadReg        reg_rw.o
    0x080012a8   0x080012a8   0x00000050   Code   RO          672    i.LD_Reset          ldchip.o
    0x080012f8   0x080012f8   0x000000fc   Code   RO          749    i.LD_WriteReg       reg_rw.o
    0x080013f4   0x080013f4   0x00000004   Code   RO          177    i.MemManage_Handler  stm32f10x_it.o
    0x080013f8   0x080013f8   0x00000002   Code   RO          178    i.NMI_Handler       stm32f10x_it.o
    0x080013fa   0x080013fa   0x00000002   PAD
    0x080013fc   0x080013fc   0x0000004c   Code   RO          574    i.NRF_Check         bsp_spi_nrf.o
    0x08001448   0x08001448   0x0000005c   Code   RO          575    i.NRF_RX_Mode       bsp_spi_nrf.o
    0x080014a4   0x080014a4   0x00000064   Code   RO          576    i.NRF_Rx_Dat        bsp_spi_nrf.o
    0x08001508   0x08001508   0x00000070   Code   RO         1062    i.NVIC_Init         misc.o
    0x08001578   0x08001578   0x00000014   Code   RO         1063    i.NVIC_PriorityGroupConfig  misc.o
    0x0800158c   0x0800158c   0x00000002   Code   RO          179    i.PendSV_Handler    stm32f10x_it.o
    0x0800158e   0x0800158e   0x00000002   PAD
    0x08001590   0x08001590   0x000000b4   Code   RO          673    i.ProcessInt        ldchip.o
    0x08001644   0x08001644   0x00000020   Code   RO         2629    i.RCC_APB1PeriphClockCmd  stm32f10x_rcc.o
    0x08001664   0x08001664   0x00000020   Code   RO         2631    i.RCC_APB2PeriphClockCmd  stm32f10x_rcc.o
    0x08001684   0x08001684   0x000000d4   Code   RO         2639    i.RCC_GetClocksFreq  stm32f10x_rcc.o
    0x08001758   0x08001758   0x00000050   Code   RO          674    i.RunASR            ldchip.o
    0x080017a8   0x080017a8   0x00000018   Code   RO         3108    i.SPI_Cmd           stm32f10x_spi.o
    0x080017c0   0x080017c0   0x00000012   Code   RO         3116    i.SPI_I2S_GetFlagStatus  stm32f10x_spi.o
    0x080017d2   0x080017d2   0x00000006   Code   RO         3119    i.SPI_I2S_ReceiveData  stm32f10x_spi.o
    0x080017d8   0x080017d8   0x00000004   Code   RO         3120    i.SPI_I2S_SendData  stm32f10x_spi.o
    0x080017dc   0x080017dc   0x0000003c   Code   RO         3121    i.SPI_Init          stm32f10x_spi.o
    0x08001818   0x08001818   0x000000f4   Code   RO          579    i.SPI_NRF_Init      bsp_spi_nrf.o
    0x0800190c   0x0800190c   0x00000038   Code   RO          580    i.SPI_NRF_RW        bsp_spi_nrf.o
    0x08001944   0x08001944   0x0000004c   Code   RO          581    i.SPI_NRF_ReadBuf   bsp_spi_nrf.o
    0x08001990   0x08001990   0x00000034   Code   RO          582    i.SPI_NRF_ReadReg   bsp_spi_nrf.o
    0x080019c4   0x080019c4   0x0000004c   Code   RO          583    i.SPI_NRF_WriteBuf  bsp_spi_nrf.o
    0x08001a10   0x08001a10   0x00000038   Code   RO          584    i.SPI_NRF_WriteReg  bsp_spi_nrf.o
    0x08001a48   0x08001a48   0x00000002   Code   RO          180    i.SVC_Handler       stm32f10x_it.o
    0x08001a4a   0x08001a4a   0x0000007a   Code   RO          781    i.SYN_FrameInfo     syn6288.o
    0x08001ac4   0x08001ac4   0x00000008   Code   RO         1028    i.SetSysClock       system_stm32f10x.o
    0x08001acc   0x08001acc   0x000000e0   Code   RO         1029    i.SetSysClockTo72   system_stm32f10x.o
    0x08001bac   0x08001bac   0x000000c4   Code   RO          533    i.Switch_Config     limit_switch.o
    0x08001c70   0x08001c70   0x00000036   Code   RO          534    i.Switch_NVIC_Configuration  limit_switch.o
    0x08001ca6   0x08001ca6   0x00000028   Code   RO         1066    i.SysTick_CLKSourceConfig  misc.o
    0x08001cce   0x08001cce   0x00000002   Code   RO          181    i.SysTick_Handler   stm32f10x_it.o
    0x08001cd0   0x08001cd0   0x00000060   Code   RO         1031    i.SystemInit        system_stm32f10x.o
    0x08001d30   0x08001d30   0x00000024   Code   RO          268    i.TB_X_ENA          driver_x.o
    0x08001d54   0x08001d54   0x0000005c   Code   RO          269    i.TB_X_GPIO_Config  driver_x.o
    0x08001db0   0x08001db0   0x00000010   Code   RO          270    i.TB_X_Init         driver_x.o
    0x08001dc0   0x08001dc0   0x000001b8   Code   RO          271    i.TB_X_Move         driver_x.o
    0x08001f78   0x08001f78   0x00000020   Code   RO          272    i.TB_X_StepCounter  driver_x.o
    0x08001f98   0x08001f98   0x00000098   Code   RO          273    i.TB_X_TIM_Mode_Config  driver_x.o
    0x08002030   0x08002030   0x00000020   Code   RO          274    i.TB_X_TIM_NVIC_Config  driver_x.o
    0x08002050   0x08002050   0x00000024   Code   RO          413    i.TB_Y_ENA          driver_y.o
    0x08002074   0x08002074   0x00000060   Code   RO          414    i.TB_Y_GPIO_Config  driver_y.o
    0x080020d4   0x080020d4   0x00000010   Code   RO          415    i.TB_Y_Init         driver_y.o
    0x080020e4   0x080020e4   0x000001bc   Code   RO          416    i.TB_Y_Move         driver_y.o
    0x080022a0   0x080022a0   0x00000020   Code   RO          417    i.TB_Y_StepCounter  driver_y.o
    0x080022c0   0x080022c0   0x00000098   Code   RO          418    i.TB_Y_TIM_Mode_Config  driver_y.o
    0x08002358   0x08002358   0x00000020   Code   RO          419    i.TB_Y_TIM_NVIC_Config  driver_y.o
    0x08002378   0x08002378   0x00000024   Code   RO          475    i.TB_Z_ENA          driver_z.o
    0x0800239c   0x0800239c   0x00000058   Code   RO          476    i.TB_Z_GPIO_Config  driver_z.o
    0x080023f4   0x080023f4   0x00000010   Code   RO          477    i.TB_Z_Init         driver_z.o
    0x08002404   0x08002404   0x000001b8   Code   RO          478    i.TB_Z_Move         driver_z.o
    0x080025bc   0x080025bc   0x00000020   Code   RO          479    i.TB_Z_StepCounter  driver_z.o
    0x080025dc   0x080025dc   0x00000098   Code   RO          480    i.TB_Z_TIM_Mode_Config  driver_z.o
    0x08002674   0x08002674   0x00000020   Code   RO          481    i.TB_Z_TIM_NVIC_Config  driver_z.o
    0x08002694   0x08002694   0x0000023c   Code   RO          275    i.TIM2_IRQHandler   driver_x.o
    0x080028d0   0x080028d0   0x0000023c   Code   RO          482    i.TIM3_IRQHandler   driver_z.o
    0x08002b0c   0x08002b0c   0x0000023c   Code   RO          420    i.TIM4_IRQHandler   driver_y.o
    0x08002d48   0x08002d48   0x00000018   Code   RO         3251    i.TIM_ARRPreloadConfig  stm32f10x_tim.o
    0x08002d60   0x08002d60   0x00000006   Code   RO         3258    i.TIM_ClearITPendingBit  stm32f10x_tim.o
    0x08002d66   0x08002d66   0x00000018   Code   RO         3263    i.TIM_Cmd           stm32f10x_tim.o
    0x08002d7e   0x08002d7e   0x00000022   Code   RO         3284    i.TIM_GetITStatus   stm32f10x_tim.o
    0x08002da0   0x08002da0   0x00000012   Code   RO         3288    i.TIM_ITConfig      stm32f10x_tim.o
    0x08002db2   0x08002db2   0x00000002   PAD
    0x08002db4   0x08002db4   0x00000098   Code   RO         3292    i.TIM_OC1Init       stm32f10x_tim.o
    0x08002e4c   0x08002e4c   0x00000012   Code   RO         3295    i.TIM_OC1PreloadConfig  stm32f10x_tim.o
    0x08002e5e   0x08002e5e   0x00000002   PAD
    0x08002e60   0x08002e60   0x000000a0   Code   RO         3302    i.TIM_OC3Init       stm32f10x_tim.o
    0x08002f00   0x08002f00   0x00000012   Code   RO         3305    i.TIM_OC3PreloadConfig  stm32f10x_tim.o
    0x08002f12   0x08002f12   0x00000002   PAD
    0x08002f14   0x08002f14   0x0000007c   Code   RO         3307    i.TIM_OC4Init       stm32f10x_tim.o
    0x08002f90   0x08002f90   0x0000001a   Code   RO         3309    i.TIM_OC4PreloadConfig  stm32f10x_tim.o
    0x08002faa   0x08002faa   0x00000004   Code   RO         3322    i.TIM_SetAutoreload  stm32f10x_tim.o
    0x08002fae   0x08002fae   0x00000004   Code   RO         3324    i.TIM_SetCompare1   stm32f10x_tim.o
    0x08002fb2   0x08002fb2   0x00000004   Code   RO         3325    i.TIM_SetCompare2   stm32f10x_tim.o
    0x08002fb6   0x08002fb6   0x00000004   Code   RO         3326    i.TIM_SetCompare3   stm32f10x_tim.o
    0x08002fba   0x08002fba   0x00000002   PAD
    0x08002fbc   0x08002fbc   0x000000a4   Code   RO         3334    i.TIM_TimeBaseInit  stm32f10x_tim.o
    0x08003060   0x08003060   0x00000012   Code   RO         3335    i.TIM_TimeBaseStructInit  stm32f10x_tim.o
    0x08003072   0x08003072   0x00000018   Code   RO         3337    i.TIM_UpdateRequestConfig  stm32f10x_tim.o
    0x0800308a   0x0800308a   0x00000002   PAD
    0x0800308c   0x0800308c   0x00000088   Code   RO          977    i.USART1_IRQHandler  usart.o
    0x08003114   0x08003114   0x00000088   Code   RO          809    i.USART3_IRQHandler  usart3.o
    0x0800319c   0x0800319c   0x000000a8   Code   RO          810    i.USART3_Init       usart3.o
    0x08003244   0x08003244   0x0000001c   Code   RO          811    i.USART3_SendData   usart3.o
    0x08003260   0x08003260   0x0000001c   Code   RO          812    i.USART3_SendString  usart3.o
    0x0800327c   0x0800327c   0x00000018   Code   RO         3799    i.USART_Cmd         stm32f10x_usart.o
    0x08003294   0x08003294   0x00000054   Code   RO         3803    i.USART_GetITStatus  stm32f10x_usart.o
    0x080032e8   0x080032e8   0x0000004a   Code   RO         3805    i.USART_ITConfig    stm32f10x_usart.o
    0x08003332   0x08003332   0x00000002   PAD
    0x08003334   0x08003334   0x000000d8   Code   RO         3806    i.USART_Init        stm32f10x_usart.o
    0x0800340c   0x0800340c   0x0000000a   Code   RO         3813    i.USART_ReceiveData  stm32f10x_usart.o
    0x08003416   0x08003416   0x00000004   Code   RO          182    i.UsageFault_Handler  stm32f10x_it.o
    0x0800341a   0x0800341a   0x00000002   PAD
    0x0800341c   0x0800341c   0x000005d8   Code   RO          847    i.User_Modification  control.o
    0x080039f4   0x080039f4   0x00000020   Code   RO         4091    i.__0printf$1       mc_w.l(printf1.o)
    0x08003a14   0x08003a14   0x0000000e   Code   RO         4365    i.__scatterload_copy  mc_w.l(handlers.o)
    0x08003a22   0x08003a22   0x00000002   Code   RO         4366    i.__scatterload_null  mc_w.l(handlers.o)
    0x08003a24   0x08003a24   0x0000000e   Code   RO         4367    i.__scatterload_zeroinit  mc_w.l(handlers.o)
    0x08003a32   0x08003a32   0x00000002   PAD
    0x08003a34   0x08003a34   0x0000000c   Code   RO         4339    i.__set_errno       mc_w.l(errno.o)
    0x08003a40   0x08003a40   0x00000154   Code   RO         4098    i._printf_core      mc_w.l(printf1.o)
    0x08003b94   0x08003b94   0x00000044   Code   RO          923    i.delay_init        delay.o
    0x08003bd8   0x08003bd8   0x0000004c   Code   RO          924    i.delay_ms          delay.o
    0x08003c24   0x08003c24   0x0000004c   Code   RO          925    i.delay_us          delay.o
    0x08003c70   0x08003c70   0x00000030   Code   RO          895    i.fan_GPIO_Config   mechanical_arm.o
    0x08003ca0   0x08003ca0   0x0000001c   Code   RO          979    i.fputc             usart.o
    0x08003cbc   0x08003cbc   0x00000228   Code   RO           10    i.main              main.o
    0x08003ee4   0x08003ee4   0x00000038   Code   RO          896    i.mechanical_arm_GPIO_Config  mechanical_arm.o
    0x08003f1c   0x08003f1c   0x00000010   Code   RO          897    i.mechanical_arm_Init  mechanical_arm.o
    0x08003f2c   0x08003f2c   0x0000007c   Code   RO          898    i.mechanical_arm_Mode_Config  mechanical_arm.o
    0x08003fa8   0x08003fa8   0x00000154   Code   RO          848    i.preceding_page    control.o
    0x080040fc   0x080040fc   0x000001fc   Code   RO          849    i.proxy_software    control.o
    0x080042f8   0x080042f8   0x00000270   Code   RO          850    i.remote_control    control.o
    0x08004568   0x08004568   0x00000064   Code   RO          851    i.speech_control    control.o
    0x080045cc   0x080045cc   0x0000004c   Code   RO         4030    i.sqrt              m_ws.l(sqrt.o)
    0x08004618   0x08004618   0x000000a0   Code   RO          980    i.uart_init         usart.o
    0x080046b8   0x080046b8   0x00000118   Data   RO          675    .constdata          ldchip.o
    0x080047d0   0x080047d0   0x00000020   Data   RO         4363    Region$$Table       anon$$obj.o


    Execution Region RW_IRAM1 (Exec base: 0x20000000, Load base: 0x080047f0, Size: 0x00000728, Max: 0x0000c000, ABSOLUTE)

    Exec Addr    Load Addr    Size         Type   Attr      Idx    E Section Name        Object

    0x20000000   0x080047f0   0x00000036   Data   RW           12    .data               main.o
    0x20000036   0x08004826   0x00000002   PAD
    0x20000038   0x08004828   0x00000014   Data   RW          277    .data               driver_x.o
    0x2000004c   0x0800483c   0x00000014   Data   RW          422    .data               driver_y.o
    0x20000060   0x08004850   0x00000014   Data   RW          484    .data               driver_z.o
    0x20000074   0x08004864   0x0000000a   Data   RW          586    .data               bsp_spi_nrf.o
    0x2000007e   0x0800486e   0x00000002   Data   RW          676    .data               ldchip.o
    0x20000080   0x08004870   0x00000002   Data   RW          814    .data               usart3.o
    0x20000082   0x08004872   0x00000002   PAD
    0x20000084   0x08004874   0x0000004d   Data   RW          852    .data               control.o
    0x200000d1   0x080048c1   0x00000001   PAD
    0x200000d2   0x080048c2   0x00000004   Data   RW          926    .data               delay.o
    0x200000d6   0x080048c6   0x00000002   PAD
    0x200000d8   0x080048c8   0x00000006   Data   RW          982    .data               usart.o
    0x200000de   0x080048ce   0x00000002   PAD
    0x200000e0   0x080048d0   0x00000014   Data   RW         1032    .data               system_stm32f10x.o
    0x200000f4   0x080048e4   0x00000014   Data   RW         2659    .data               stm32f10x_rcc.o
    0x20000108   0x080048f8   0x00000004   Data   RW         4340    .data               mc_w.l(errno.o)
    0x2000010c        -       0x00000040   Zero   RW           11    .bss                main.o
    0x2000014c        -       0x00000018   Zero   RW          276    .bss                driver_x.o
    0x20000164        -       0x00000018   Zero   RW          421    .bss                driver_y.o
    0x2000017c        -       0x00000018   Zero   RW          483    .bss                driver_z.o
    0x20000194        -       0x000000c8   Zero   RW          813    .bss                usart3.o
    0x2000025c        -       0x000000c8   Zero   RW          981    .bss                usart.o
    0x20000324   0x080048fc   0x00000004   PAD
    0x20000328        -       0x00000400   Zero   RW            1    STACK               startup_stm32f10x_hd.o


==============================================================================

Image component sizes


      Code (inc. data)   RO Data    RW Data    ZI Data      Debug   Object Name

       828         72          0         10          0       6147   bsp_spi_nrf.o
      3400       1070          0         77          0       4869   control.o
       220         26          0          4          0       1607   delay.o
      1372         66          0         20         24     263940   driver_x.o
      1380         76          0         20         24       6484   driver_y.o
      1368         74          0         20         24       4884   driver_z.o
       246         10          0          0          0       1050   key.o
      1042         50        280          2          0       5576   ldchip.o
       250          8          0          0          0       1116   limit_switch.o
       552        130          0         54         64     238790   main.o
       244         12          0          0          0       2088   mechanical_arm.o
       172         22          0          0          0       2129   misc.o
       764         28          0          0          0       3091   reg_rw.o
        36          8        304          0       1024        868   startup_stm32f10x_hd.o
       212         24          0          0          0       2705   stm32f10x_exti.o
       512         10          0          0          0       5224   stm32f10x_gpio.o
       836        334          0          0          0       6424   stm32f10x_it.o
       276         32          0         20          0       4490   stm32f10x_rcc.o
       112          0          0          0          0       3934   stm32f10x_spi.o
       826         82          0          0          0      11549   stm32f10x_tim.o
       408          6          0          0          0       5102   stm32f10x_usart.o
       122          0          0          0          0       1228   syn6288.o
       328         28          0         20          0       2133   system_stm32f10x.o
       324         26          0          6        200       3508   usart.o
       360         30          0          2        200       2830   usart3.o

    ----------------------------------------------------------------------
     16216       2224        616        264       1564     591766   Object Totals
         0          0         32          0          0          0   (incl. Generated)
        26          0          0          9          4          0   (incl. Padding)

    ----------------------------------------------------------------------

      Code (inc. data)   RO Data    RW Data    ZI Data      Debug   Library Member Name

        76          0          0          0          0         84   sqrt.o
         0          0          0          0          0          0   entry.o
         0          0          0          0          0          0   entry10a.o
         0          0          0          0          0          0   entry11a.o
         4          0          0          0          0          0   entry12b.o
         8          4          0          0          0          0   entry2.o
         4          0          0          0          0          0   entry5.o
         0          0          0          0          0          0   entry7b.o
         0          0          0          0          0          0   entry8b.o
         8          4          0          0          0          0   entry9a.o
        12          6          0          4          0         68   errno.o
        30          0          0          0          0          0   handlers.o
        36          8          0          0          0         68   init.o
         0          0          0          0          0          0   iusefp.o
        30          0          0          0          0         68   llshl.o
        32          0          0          0          0         68   llushr.o
        36          0          0          0          0         68   memcpya.o
       372         14          0          0          0        184   printf1.o
        14          0          0          0          0         68   strlen.o
        44          0          0          0          0         80   uidiv.o
       222          0          0          0          0        100   ddiv.o
       186          0          0          0          0        176   depilogue.o
        50          0          0          0          0         76   dfixui.o
        26          0          0          0          0         76   dfltui.o
       228          0          0          0          0         96   dmul.o
       162          0          0          0          0        100   dsqrt.o

    ----------------------------------------------------------------------
      1584         36          0          4          0       1380   Library Totals
         4          0          0          0          0          0   (incl. Padding)

    ----------------------------------------------------------------------

      Code (inc. data)   RO Data    RW Data    ZI Data      Debug   Library Name

        76          0          0          0          0         84   m_ws.l
       630         36          0          4          0        672   mc_w.l
       874          0          0          0          0        624   mf_w.l

    ----------------------------------------------------------------------
      1584         36          0          4          0       1380   Library Totals

    ----------------------------------------------------------------------

==============================================================================


      Code (inc. data)   RO Data    RW Data    ZI Data      Debug   

     17800       2260        616        268       1564     585758   Grand Totals
     17800       2260        616        268       1564     585758   ELF Image Totals
     17800       2260        616        268          0          0   ROM Totals

==============================================================================

    Total RO  Size (Code + RO Data)                18416 (  17.98kB)
    Total RW  Size (RW Data + ZI Data)              1832 (   1.79kB)
    Total ROM Size (Code + RO Data + RW Data)      18684 (  18.25kB)

==============================================================================

